Component: ARM Compiler 5.06 update 2 (build 183) Tool: armlink [4d35b7]

==============================================================================

Section Cross References

    main.o(.text) refers to init.o(.text) for All_Init
    main.o(.text) refers to scheduler.o(.text) for Duty_Loop
    main.o(.text) refers to main.o(.data) for Init_Finish
    stm32f4xx_it.o(.text) refers to time.o(.text) for sys_time
    stm32f4xx_it.o(.text) refers to usart.o(.text) for Usart2_IRQ
    stm32f4xx_it.o(.text) refers to time.o(.data) for sysTickUptime
    scheduler.o(.text) refers to time.o(.text) for Get_Cycle_T
    scheduler.o(.text) refers to mpu6050.o(.text) for MPU6050_Read
    scheduler.o(.text) refers to adc.o(.text) for AD_TASK
    scheduler.o(.text) refers to imu.o(.text) for IMUupdate
    scheduler.o(.text) refers to rc_mine.o(.text) for RC_Send_Task
    scheduler.o(.text) refers to usart.o(.text) for GOL_LINK_TASK
    scheduler.o(.text) refers to led.o(.text) for READ_MODE
    scheduler.o(.text) refers to ak8975.o(.text) for ANO_AK8975_Read
    scheduler.o(.text) refers to scheduler.o(.bss) for loop
    scheduler.o(.text) refers to mpu6050.o(.bss) for mpu6050
    scheduler.o(.text) refers to imu.o(.data) for Yaw
    scheduler.o(.text) refers to scheduler.o(.data) for nrf_cnt
    scheduler.o(.text) refers to led.o(.data) for SEL_KEY
    scheduler.o(.text) refers to usart.o(.data) for KEY
    scheduler.o(.text) refers to usart.o(.bss) for mode
    scheduler.o(.text) refers to rc_mine.o(.bss) for rc_rate_cnt
    scheduler.o(.text) refers to time.o(.data) for time_1ms
    init.o(.text) refers to misc.o(.text) for NVIC_PriorityGroupConfig
    init.o(.text) refers to time.o(.text) for SysTick_Configuration
    init.o(.text) refers to i2c_soft.o(.text) for I2c_Soft_Init
    init.o(.text) refers to led.o(.text) for KEY_Init
    init.o(.text) refers to spi_nrf.o(.text) for Spi1_Init
    init.o(.text) refers to adc.o(.text) for Adc_Init
    init.o(.text) refers to mpu6050.o(.text) for MPU6050_Init
    init.o(.text) refers to hml5833l.o(.text) for HMC5883L_SetUp
    init.o(.text) refers to usart.o(.text) for Usart2_Init
    init.o(.text) refers to nrf.o(.text) for Nrf24l01_Init
    imu.o(.text) refers to mymath.o(.text) for my_sqrt
    imu.o(.text) refers to ak8975.o(.data) for ak8975
    imu.o(.text) refers to imu.o(.data) for mag_norm
    imu.o(.text) refers to imu.o(.bss) for reference_v
    imu.o(.text) refers to scheduler.o(.data) for fly_ready
    imu.o(.text) refers to f2d.o(x$fpl$f2d) for __aeabi_f2d
    imu.o(.text) refers to asin.o(i.__hardfp_asin) for __hardfp_asin
    imu.o(.text) refers to dmul.o(x$fpl$dmul) for __aeabi_dmul
    imu.o(.text) refers to d2f.o(x$fpl$d2f) for __aeabi_d2f
    imu.o(.text) refers to time.o(.text) for Get_Cycle_T
    imu.o(.text) refers to sqrt.o(i.__hardfp_sqrt) for __hardfp_sqrt
    imu.o(.text) refers to daddsub_clz.o(x$fpl$drsb) for __aeabi_drsub
    imu.o(.text) refers to daddsub_clz.o(x$fpl$dsub) for __aeabi_dsub
    imu.o(.text) refers to daddsub_clz.o(x$fpl$dadd) for __aeabi_dadd
    imu.o(.text) refers to ddiv.o(x$fpl$ddiv) for __aeabi_ddiv
    imu.o(.text) refers to atan2.o(i.__hardfp_atan2) for __hardfp_atan2
    imu.o(.text) refers to basic.o(x$fpl$basic) for __aeabi_dneg
    mymath.o(.text) refers to dleqf.o(x$fpl$dleqf) for __aeabi_cdcmple
    mymath.o(.text) refers to dmul.o(x$fpl$dmul) for __aeabi_dmul
    mymath.o(.text) refers to daddsub_clz.o(x$fpl$dadd) for __aeabi_dadd
    mymath.o(.text) refers to daddsub_clz.o(x$fpl$drsb) for __aeabi_drsub
    mymath.o(.text) refers to daddsub_clz.o(x$fpl$dsub) for __aeabi_dsub
    mymath.o(.text) refers to drleqf.o(x$fpl$drleqf) for __aeabi_cdrcmple
    mymath.o(.text) refers to dflt_clz.o(x$fpl$dflt) for __aeabi_i2d
    mymath.o(.text) refers to d2f.o(x$fpl$d2f) for __aeabi_d2f
    mymath.o(.text) refers to mymath.o(.data) for fast_atan_table
    version.o(.text) refers to strlen.o(.text) for strlen
    version.o(.text) refers to version.o(.bss) for string_auth
    version.o(.data) refers to version.o(.conststring) for .conststring
    filter.o(.text) refers to dmul.o(x$fpl$dmul) for __aeabi_dmul
    filter.o(.text) refers to daddsub_clz.o(x$fpl$dadd) for __aeabi_dadd
    filter.o(.text) refers to daddsub_clz.o(x$fpl$dsub) for __aeabi_dsub
    filter.o(.text) refers to ddiv.o(x$fpl$ddiv) for __aeabi_ddiv
    filter.o(.text) refers to filter.o(.data) for med_fil_cnt
    filter.o(.text) refers to filter.o(.bss) for med_filter_tmp
    time.o(.text) refers to stm32f4xx_rcc.o(.text) for RCC_APB1PeriphClockCmd
    time.o(.text) refers to stm32f4xx_tim.o(.text) for TIM_DeInit
    time.o(.text) refers to misc.o(.text) for NVIC_Init
    time.o(.text) refers to scheduler.o(.text) for Loop_check
    time.o(.text) refers to led.o(.text) for BEEP_TASK
    time.o(.text) refers to time.o(.data) for sysTickUptime
    time.o(.text) refers to main.o(.data) for Init_Finish
    time.o(.text) refers to time.o(.bss) for Cycle_T
[...]
    my_pow                                   0x08002035   Thumb Code    10  mymath.o(.text)
    my_sqrt                                  0x0800203f   Thumb Code    88  mymath.o(.text)
    mx_sin                                   0x08002097   Thumb Code   292  mymath.o(.text)
    my_sin                                   0x080021bb   Thumb Code   108  mymath.o(.text)
    my_cos                                   0x08002227   Thumb Code   136  mymath.o(.text)
    my_deathzoom                             0x080022af   Thumb Code   158  mymath.o(.text)
    my_deathzoom_2                           0x0800234d   Thumb Code    40  mymath.o(.text)
    limit_mine                               0x08002375   Thumb Code    40  mymath.o(.text)
    To_180_degrees                           0x0800239d   Thumb Code    58  mymath.o(.text)
    my_pow_2_curve                           0x080023d7   Thumb Code    80  mymath.o(.text)
    Moving_Average                           0x08002435   Thumb Code    94  filter.o(.text)
    Moving_Median                            0x08002493   Thumb Code   236  filter.o(.text)
    IIR_I_Filter                             0x0800257f   Thumb Code   294  filter.o(.text)
    KalmanFilter                             0x080026a5   Thumb Code   272  filter.o(.text)
    LPF_1st                                  0x080027b5   Thumb Code    22  filter.o(.text)
    TIM_CONF                                 0x080027e9   Thumb Code    86  time.o(.text)
    TIM_NVIC                                 0x0800283f   Thumb Code    34  time.o(.text)
    TIM_INIT                                 0x08002861   Thumb Code    20  time.o(.text)
    SysTick_Configuration                    0x08002875   Thumb Code   100  time.o(.text)
    GetSysTime_us                            0x080028d9   Thumb Code    48  time.o(.text)
    Delay_us                                 0x08002909   Thumb Code    24  time.o(.text)
    Delay_ms                                 0x08002921   Thumb Code    24  time.o(.text)
    sys_time                                 0x08002939   Thumb Code   126  time.o(.text)
    Get_Cycle_T                              0x080029b7   Thumb Code   118  time.o(.text)
    Cycle_Time_Init                          0x08002a2d   Thumb Code    28  time.o(.text)
    I2c_Soft_delay                           0x08002a71   Thumb Code    42  i2c_soft.o(.text)
    I2c_Soft_Init                            0x08002a9b   Thumb Code    46  i2c_soft.o(.text)
    I2c_Soft_Start                           0x08002ac9   Thumb Code    86  i2c_soft.o(.text)
    I2c_Soft_Stop                            0x08002b1f   Thumb Code    52  i2c_soft.o(.text)
    I2c_Soft_Ask                             0x08002b53   Thumb Code    52  i2c_soft.o(.text)
    I2c_Soft_NoAsk                           0x08002b87   Thumb Code    52  i2c_soft.o(.text)
    I2c_Soft_WaitAsk                         0x08002bbb   Thumb Code    88  i2c_soft.o(.text)
    I2c_Soft_SendByte                        0x08002c13   Thumb Code    84  i2c_soft.o(.text)
    I2c_Soft_ReadByte                        0x08002c67   Thumb Code    96  i2c_soft.o(.text)
    IIC_Write_1Byte                          0x08002cc7   Thumb Code    62  i2c_soft.o(.text)
    IIC_Read_1Byte                           0x08002d05   Thumb Code    80  i2c_soft.o(.text)
    IIC_Write_nByte                          0x08002d55   Thumb Code    78  i2c_soft.o(.text)
    IIC_Read_nByte                           0x08002da3   Thumb Code   108  i2c_soft.o(.text)
    MPU6050_Read                             0x08002e19   Thumb Code    22  mpu6050.o(.text)
    IICwriteBit                              0x08002e2f   Thumb Code    78  mpu6050.o(.text)
    IICwriteBits                             0x08002e7d   Thumb Code   102  mpu6050.o(.text)
    MPU6050_set_SMPLRT_DIV                   0x08002ee3   Thumb Code    28  mpu6050.o(.text)
    MPU6050_setClockSource                   0x08002eff   Thumb Code    20  mpu6050.o(.text)
    MPU6050_setFullScaleGyroRange            0x08002f13   Thumb Code    36  mpu6050.o(.text)
    MPU6050_setFullScaleAccelRange           0x08002f37   Thumb Code    36  mpu6050.o(.text)
    MPU6050_setSleepEnabled                  0x08002f5b   Thumb Code    18  mpu6050.o(.text)
    MPU6050_setI2CMasterModeEnabled          0x08002f6d   Thumb Code    18  mpu6050.o(.text)
    MPU6050_setI2CBypassEnabled              0x08002f7f   Thumb Code    18  mpu6050.o(.text)
    MPU6050_setDLPF                          0x08002f91   Thumb Code    20  mpu6050.o(.text)
    MPU6050_INT_Config                       0x08002fa5   Thumb Code    56  mpu6050.o(.text)
    MPU6050_Init                             0x08002fdd   Thumb Code   184  mpu6050.o(.text)
    MPU6050_Data_Offset                      0x08003095   Thumb Code   618  mpu6050.o(.text)
    Transform                                0x080032ff   Thumb Code    14  mpu6050.o(.text)
    MPU6050_Data_Prepare                     0x0800330d   Thumb Code  1344  mpu6050.o(.text)
    ANO_AK8975_Run                           0x0800386d   Thumb Code    22  ak8975.o(.text)
    XYZ_STRUCT_COPY                          0x08003883   Thumb Code    40  ak8975.o(.text)
    ANO_AK8975_CalOffset_Mag                 0x080038ab   Thumb Code   802  ak8975.o(.text)
    ANO_AK8975_Read_Mag_Data                 0x08003bcd   Thumb Code   296  ak8975.o(.text)
    ANO_AK8975_Get_Mag                       0x08003cf5   Thumb Code    16  ak8975.o(.text)
    ANO_AK8975_Read                          0x08003d05   Thumb Code     8  ak8975.o(.text)
    LEDRGB                                   0x08003d11   Thumb Code    88  led.o(.text)
    LEDRGB_COLOR                             0x08003d69   Thumb Code   178  led.o(.text)
    LED_Init                                 0x08003e1b   Thumb Code    84  led.o(.text)
    GetMedianNum                             0x08003e6f   Thumb Code   174  led.o(.text)
    READ_MODE                                0x08003f1d   Thumb Code   364  led.o(.text)
    READ_SEL                                 0x08004089   Thumb Code   268  led.o(.text)
    KEY_Init                                 0x08004195   Thumb Code   122  led.o(.text)
    BEEP_TASK                                0x0800420f   Thumb Code    32  led.o(.text)
    BEEP_Init                                0x0800422f   Thumb Code    56  led.o(.text)
    LED_Display                              0x08004267   Thumb Code   152  led.o(.text)
    LED_Duty                                 0x080042ff   Thumb Code    38  led.o(.text)
    LED_MPU_Err                              0x08004325   Thumb Code     2  led.o(.text)
    LED_Mag_Err                              0x08004327   Thumb Code     2  led.o(.text)
    LED_MS5611_Err                           0x08004329   Thumb Code     2  led.o(.text)
    LEDS_SHINE                               0x0800432b   Thumb Code     2  led.o(.text)
    LEDRGB_STATE                             0x0800432d   Thumb Code  1416  led.o(.text)
    Usart2_Init                              0x080048e1   Thumb Code   230  usart.o(.text)
    Data_Receive_Anl                         0x080049c7   Thumb Code   570  usart.o(.text)
    Usart2_IRQ                               0x08004c01   Thumb Code   422  usart.o(.text)
    Usart2_Send                              0x08004da7   Thumb Code    62  usart.o(.text)
    Send_Status                              0x08004de5   Thumb Code   352  usart.o(.text)
    Send_GPS                                 0x08004f45   Thumb Code   612  usart.o(.text)
    Send_BAT                                 0x080051a9   Thumb Code   214  usart.o(.text)
    Send_PID1                                0x0800527f   Thumb Code   406  usart.o(.text)
    Send_PID2                                0x08005415   Thumb Code   262  usart.o(.text)
    Send_Senser                              0x0800551b   Thumb Code   632  usart.o(.text)
    Send_GPS_Ublox                           0x08005793   Thumb Code   496  usart.o(.text)
    Send_DEBUG1                              0x08005983   Thumb Code   190  usart.o(.text)
    Send_Check                               0x08005a41   Thumb Code    86  usart.o(.text)
    Send_APP                                 0x08005a97   Thumb Code   642  usart.o(.text)
    GOL_LINK_TASK                            0x08005d19   Thumb Code   120  usart.o(.text)
    Uart5_Init                               0x08005d91   Thumb Code   206  usart.o(.text)
    Uart5_IRQ                                0x08005e5f   Thumb Code    88  usart.o(.text)
    Uart5_Send                               0x08005eb7   Thumb Code   118  usart.o(.text)
    HMC5883_IS_newdata                       0x08005f2d   Thumb Code    20  hml5833l.o(.text)
    HMC58X3_newValues                        0x08005f41   Thumb Code   186  hml5833l.o(.text)
    HMC58X3_getRaw                           0x08005ffb   Thumb Code   120  hml5833l.o(.text)
    HMC58X3_FIFO_init                        0x08006073   Thumb Code    32  hml5833l.o(.text)
    HMC58X3_writeReg                         0x08006093   Thumb Code    18  hml5833l.o(.text)
    HMC58X3_getlastValues                    0x080060a5   Thumb Code    22  hml5833l.o(.text)
    HMC58X3_mgetValues                       0x080060bb   Thumb Code   210  hml5833l.o(.text)
    HMC58X3_setGain                          0x0800618d   Thumb Code    24  hml5833l.o(.text)
    HMC58X3_setMode                          0x080061a5   Thumb Code    28  hml5833l.o(.text)
    HMC58X3_init                             0x080061c1   Thumb Code    38  hml5833l.o(.text)
    HMC58X3_setDOR                           0x080061e7   Thumb Code    24  hml5833l.o(.text)
    HMC58X3_getID                            0x080061ff   Thumb Code    36  hml5833l.o(.text)
    HMC5883L_SetUp                           0x08006223   Thumb Code    38  hml5833l.o(.text)
    IIC_Init                                 0x08006279   Thumb Code    60  ioc.o(.text)
    IIC_Start                                0x080062b5   Thumb Code    68  ioc.o(.text)
    IIC_Stop                                 0x080062f9   Thumb Code    62  ioc.o(.text)
    IIC_Wait_Ack                             0x08006337   Thumb Code    88  ioc.o(.text)
    IIC_Ack                                  0x0800638f   Thumb Code    66  ioc.o(.text)
    IIC_NAck                                 0x080063d1   Thumb Code    66  ioc.o(.text)
    IIC_Send_Byte                            0x08006413   Thumb Code    90  ioc.o(.text)
    IIC_Read_Byte                            0x0800646d   Thumb Code    94  ioc.o(.text)
    I2C_ReadOneByte                          0x080064cb   Thumb Code    70  ioc.o(.text)
    IICreadBytes                             0x08006511   Thumb Code   100  ioc.o(.text)
    IICwriteBytes                            0x08006575   Thumb Code    70  ioc.o(.text)
    IICreadByte                              0x080065bb   Thumb Code    22  ioc.o(.text)
    IICwriteByte                             0x080065d1   Thumb Code    20  ioc.o(.text)
    IICwriteBitsm                            0x080065e5   Thumb Code   106  ioc.o(.text)
    IICwriteBitm                             0x0800664f   Thumb Code    78  ioc.o(.text)
    Adc_Init                                 0x0800669d   Thumb Code   148  adc.o(.text)
    Get_Adc                                  0x08006731   Thumb Code    44  adc.o(.text)
    Get_Adc_Average                          0x0800675d   Thumb Code    20  adc.o(.text)
    ADC_NEW_DATA                             0x08006771   Thumb Code   722  adc.o(.text)
    AD_TASK                                  0x08006a43   Thumb Code   658  adc.o(.text)
    NVIC_PriorityGroupConfig                 0x08006cf1   Thumb Code    54  misc.o(.text)
    NVIC_Init                                0x08006d27   Thumb Code   164  misc.o(.text)
    NVIC_SetVectorTable                      0x08006dcb   Thumb Code    60  misc.o(.text)
    NVIC_SystemLPConfig                      0x08006e07   Thumb Code    78  misc.o(.text)
    SysTick_CLKSourceConfig                  0x08006e55   Thumb Code    62  misc.o(.text)
    ADC_DeInit                               0x08006edd   Thumb Code    22  stm32f4xx_adc.o(.text)
    ADC_Init                                 0x08006ef3   Thumb Code   402  stm32f4xx_adc.o(.text)
    ADC_StructInit                           0x08007085   Thumb Code    20  stm32f4xx_adc.o(.text)
    ADC_CommonInit                           0x08007099   Thumb Code   342  stm32f4xx_adc.o(.text)
    ADC_CommonStructInit                     0x080071ef   Thumb Code    12  stm32f4xx_adc.o(.text)
    ADC_Cmd                                  0x080071fb   Thumb Code    76  stm32f4xx_adc.o(.text)
    ADC_AnalogWatchdogCmd                    0x08007247   Thumb Code   102  stm32f4xx_adc.o(.text)
    ADC_AnalogWatchdogThresholdsConfig       0x080072ad   Thumb Code   186  stm32f4xx_adc.o(.text)
    ADC_AnalogWatchdogSingleChannelConfig    0x08007367   Thumb Code   140  stm32f4xx_adc.o(.text)
    ADC_TempSensorVrefintCmd                 0x080073f3   Thumb Code    58  stm32f4xx_adc.o(.text)
    ADC_VBATCmd                              0x0800742d   Thumb Code    58  stm32f4xx_adc.o(.text)
    ADC_RegularChannelConfig                 0x08007467   Thumb Code   416  stm32f4xx_adc.o(.text)
    ADC_SoftwareStartConv                    0x08007607   Thumb Code    46  stm32f4xx_adc.o(.text)
    ADC_GetSoftwareStartConvStatus           0x08007635   Thumb Code    56  stm32f4xx_adc.o(.text)
    ADC_EOCOnEachRegularChannelCmd           0x0800766d   Thumb Code    80  stm32f4xx_adc.o(.text)
    ADC_ContinuousModeCmd                    0x080076bd   Thumb Code    80  stm32f4xx_adc.o(.text)
    ADC_DiscModeChannelCountConfig           0x0800770d   Thumb Code   100  stm32f4xx_adc.o(.text)
    ADC_DiscModeCmd                          0x08007771   Thumb Code    80  stm32f4xx_adc.o(.text)
    ADC_GetConversionValue                   0x080077c1   Thumb Code    42  stm32f4xx_adc.o(.text)
    ADC_GetMultiModeConversionValue          0x080077eb   Thumb Code     6  stm32f4xx_adc.o(.text)
    ADC_DMACmd                               0x080077f1   Thumb Code    80  stm32f4xx_adc.o(.text)
    ADC_DMARequestAfterLastTransferCmd       0x08007841   Thumb Code    80  stm32f4xx_adc.o(.text)
    ADC_MultiModeDMARequestAfterLastTransferCmd 0x08007891   Thumb Code    62  stm32f4xx_adc.o(.text)
    ADC_InjectedChannelConfig                0x080078cf   Thumb Code   340  stm32f4xx_adc.o(.text)
    ADC_InjectedSequencerLengthConfig        0x08007a23   Thumb Code    84  stm32f4xx_adc.o(.text)
    ADC_SetInjectedOffset                    0x08007a77   Thumb Code   108  stm32f4xx_adc.o(.text)
    ADC_ExternalTrigInjectedConvConfig       0x08007ae3   Thumb Code   174  stm32f4xx_adc.o(.text)
    ADC_ExternalTrigInjectedConvEdgeConfig   0x08007b91   Thumb Code    86  stm32f4xx_adc.o(.text)
    ADC_SoftwareStartInjectedConv            0x08007be7   Thumb Code    46  stm32f4xx_adc.o(.text)
    ADC_GetSoftwareStartInjectedConvCmdStatus 0x08007c15   Thumb Code    56  stm32f4xx_adc.o(.text)
    ADC_AutoInjectedConvCmd                  0x08007c4d   Thumb Code    80  stm32f4xx_adc.o(.text)
    ADC_InjectedDiscModeCmd                  0x08007c9d   Thumb Code    80  stm32f4xx_adc.o(.text)
    ADC_GetInjectedConversionValue           0x08007ced   Thumb Code    92  stm32f4xx_adc.o(.text)
    ADC_ITConfig                             0x08007d49   Thumb Code   136  stm32f4xx_adc.o(.text)
    ADC_GetFlagStatus                        0x08007dd1   Thumb Code    94  stm32f4xx_adc.o(.text)
    ADC_ClearFlag                            0x08007e2f   Thumb Code    66  stm32f4xx_adc.o(.text)
    ADC_GetITStatus                          0x08007e71   Thumb Code   126  stm32f4xx_adc.o(.text)
    ADC_ClearITPendingBit                    0x08007eef   Thumb Code    92  stm32f4xx_adc.o(.text)
    GPIO_DeInit                              0x08007f59   Thumb Code   284  stm32f4xx_gpio.o(.text)
    GPIO_Init                                0x08008075   Thumb Code   342  stm32f4xx_gpio.o(.text)
    GPIO_StructInit                          0x080081cb   Thumb Code    18  stm32f4xx_gpio.o(.text)
    GPIO_PinLockConfig                       0x080081dd   Thumb Code   122  stm32f4xx_gpio.o(.text)
    GPIO_ReadInputDataBit                    0x08008257   Thumb Code   182  stm32f4xx_gpio.o(.text)
    GPIO_ReadInputData                       0x0800830d   Thumb Code   174  stm32f4xx_gpio.o(.text)
    GPIO_ReadOutputDataBit                   0x080083bb   Thumb Code   186  stm32f4xx_gpio.o(.text)
    GPIO_ReadOutputData                      0x08008475   Thumb Code    78  stm32f4xx_gpio.o(.text)
    GPIO_SetBits                             0x080084c3   Thumb Code    98  stm32f4xx_gpio.o(.text)
    GPIO_ResetBits                           0x08008525   Thumb Code    98  stm32f4xx_gpio.o(.text)
    GPIO_WriteBit                            0x08008587   Thumb Code   200  stm32f4xx_gpio.o(.text)
    GPIO_Write                               0x0800864f   Thumb Code    78  stm32f4xx_gpio.o(.text)
    GPIO_ToggleBits                          0x0800869d   Thumb Code    82  stm32f4xx_gpio.o(.text)
    GPIO_PinAFConfig                         0x080086ef   Thumb Code   384  stm32f4xx_gpio.o(.text)
    RCC_DeInit                               0x08008871   Thumb Code    60  stm32f4xx_rcc.o(.text)
    RCC_HSEConfig                            0x080088ad   Thumb Code    38  stm32f4xx_rcc.o(.text)
    RCC_GetFlagStatus                        0x080088d3   Thumb Code   130  stm32f4xx_rcc.o(.text)
    RCC_WaitForHSEStartUp                    0x08008955   Thumb Code    56  stm32f4xx_rcc.o(.text)
    RCC_AdjustHSICalibrationValue            0x0800898d   Thumb Code    38  stm32f4xx_rcc.o(.text)
    RCC_HSICmd                               0x080089b3   Thumb Code    28  stm32f4xx_rcc.o(.text)
    RCC_LSEConfig                            0x080089cf   Thumb Code    72  stm32f4xx_rcc.o(.text)
    RCC_LSICmd                               0x08008a17   Thumb Code    28  stm32f4xx_rcc.o(.text)
    RCC_PLLConfig                            0x08008a33   Thumb Code   156  stm32f4xx_rcc.o(.text)
    RCC_PLLCmd                               0x08008acf   Thumb Code    28  stm32f4xx_rcc.o(.text)
    RCC_PLLI2SConfig                         0x08008aeb   Thumb Code    62  stm32f4xx_rcc.o(.text)
    RCC_PLLI2SCmd                            0x08008b29   Thumb Code    28  stm32f4xx_rcc.o(.text)
    RCC_ClockSecuritySystemCmd               0x08008b45   Thumb Code    28  stm32f4xx_rcc.o(.text)
    RCC_MCO1Config                           0x08008b61   Thumb Code   102  stm32f4xx_rcc.o(.text)
    RCC_MCO2Config                           0x08008bc7   Thumb Code   102  stm32f4xx_rcc.o(.text)
    RCC_SYSCLKConfig                         0x08008c2d   Thumb Code   124  stm32f4xx_rcc.o(.text)
    RCC_GetSYSCLKSource                      0x08008ca9   Thumb Code    10  stm32f4xx_rcc.o(.text)
    RCC_HCLKConfig                           0x08008cb3   Thumb Code    68  stm32f4xx_rcc.o(.text)
    RCC_PCLK1Config                          0x08008cf7   Thumb Code    60  stm32f4xx_rcc.o(.text)
    RCC_PCLK2Config                          0x08008d33   Thumb Code    62  stm32f4xx_rcc.o(.text)
    RCC_GetClocksFreq                        0x08008d71   Thumb Code   214  stm32f4xx_rcc.o(.text)
    RCC_RTCCLKConfig                         0x08008e47   Thumb Code   262  stm32f4xx_rcc.o(.text)
    RCC_RTCCLKCmd                            0x08008f4d   Thumb Code    30  stm32f4xx_rcc.o(.text)
    RCC_BackupResetCmd                       0x08008f6b   Thumb Code    32  stm32f4xx_rcc.o(.text)
    RCC_I2SCLKConfig                         0x08008f8b   Thumb Code    30  stm32f4xx_rcc.o(.text)
    RCC_AHB1PeriphClockCmd                   0x08008fa9   Thumb Code    82  stm32f4xx_rcc.o(.text)
    RCC_AHB2PeriphClockCmd                   0x08008ffb   Thumb Code    82  stm32f4xx_rcc.o(.text)
    RCC_AHB3PeriphClockCmd                   0x0800904d   Thumb Code   232  stm32f4xx_rcc.o(.text)
    RCC_APB1PeriphClockCmd                   0x08009135   Thumb Code    82  stm32f4xx_rcc.o(.text)
    RCC_APB2PeriphClockCmd                   0x08009187   Thumb Code    82  stm32f4xx_rcc.o(.text)
    RCC_AHB1PeriphResetCmd                   0x080091d9   Thumb Code    82  stm32f4xx_rcc.o(.text)
    RCC_AHB2PeriphResetCmd                   0x0800922b   Thumb Code    82  stm32f4xx_rcc.o(.text)
    RCC_AHB3PeriphResetCmd                   0x0800927d   Thumb Code    82  stm32f4xx_rcc.o(.text)
    RCC_APB1PeriphResetCmd                   0x080092cf   Thumb Code    82  stm32f4xx_rcc.o(.text)
    RCC_APB2PeriphResetCmd                   0x08009321   Thumb Code    82  stm32f4xx_rcc.o(.text)
    RCC_AHB1PeriphClockLPModeCmd             0x08009373   Thumb Code    82  stm32f4xx_rcc.o(.text)
    RCC_AHB2PeriphClockLPModeCmd             0x080093c5   Thumb Code    82  stm32f4xx_rcc.o(.text)
    RCC_AHB3PeriphClockLPModeCmd             0x08009417   Thumb Code    82  stm32f4xx_rcc.o(.text)
    RCC_APB1PeriphClockLPModeCmd             0x08009469   Thumb Code    82  stm32f4xx_rcc.o(.text)
    RCC_APB2PeriphClockLPModeCmd             0x080094bb   Thumb Code   106  stm32f4xx_rcc.o(.text)
    RCC_ITConfig                             0x08009525   Thumb Code    74  stm32f4xx_rcc.o(.text)
    RCC_ClearFlag                            0x0800956f   Thumb Code    18  stm32f4xx_rcc.o(.text)
    RCC_GetITStatus                          0x08009581   Thumb Code    68  stm32f4xx_rcc.o(.text)
    RCC_ClearITPendingBit                    0x080095c5   Thumb Code    34  stm32f4xx_rcc.o(.text)
    SPI_I2S_DeInit                           0x080095ed   Thumb Code   104  stm32f4xx_spi.o(.text)
    SPI_Init                                 0x08009655   Thumb Code   348  stm32f4xx_spi.o(.text)
    I2S_Init                                 0x080097b1   Thumb Code   508  stm32f4xx_spi.o(.text)
    SPI_StructInit                           0x080099ad   Thumb Code    24  stm32f4xx_spi.o(.text)
    I2S_StructInit                           0x080099c5   Thumb Code   104  stm32f4xx_spi.o(.text)
    SPI_Cmd                                  0x08009a2d   Thumb Code    82  stm32f4xx_spi.o(.text)
    I2S_Cmd                                  0x08009a7f   Thumb Code    88  stm32f4xx_spi.o(.text)
    SPI_DataSizeConfig                       0x08009ad7   Thumb Code    78  stm32f4xx_spi.o(.text)
    SPI_BiDirectionalLineConfig              0x08009b25   Thumb Code    94  stm32f4xx_spi.o(.text)
    SPI_NSSInternalSoftwareConfig            0x08009b83   Thumb Code    96  stm32f4xx_spi.o(.text)
    SPI_SSOutputCmd                          0x08009be3   Thumb Code    82  stm32f4xx_spi.o(.text)
    SPI_TIModeCmd                            0x08009c35   Thumb Code    82  stm32f4xx_spi.o(.text)
    I2S_FullDuplexConfig                     0x08009c87   Thumb Code   258  stm32f4xx_spi.o(.text)
    SPI_I2S_ReceiveData                      0x08009d89   Thumb Code    52  stm32f4xx_spi.o(.text)
    SPI_I2S_SendData                         0x08009dbd   Thumb Code    54  stm32f4xx_spi.o(.text)
    SPI_CalculateCRC                         0x08009df3   Thumb Code    98  stm32f4xx_spi.o(.text)
    SPI_TransmitCRC                          0x08009e55   Thumb Code    46  stm32f4xx_spi.o(.text)
    SPI_GetCRC                               0x08009e83   Thumb Code    74  stm32f4xx_spi.o(.text)
    SPI_GetCRCPolynomial                     0x08009ecd   Thumb Code    40  stm32f4xx_spi.o(.text)
    SPI_I2S_DMACmd                           0x08009ef5   Thumb Code   114  stm32f4xx_spi.o(.text)
    SPI_I2S_ITConfig                         0x08009f67   Thumb Code   138  stm32f4xx_spi.o(.text)
    SPI_I2S_GetFlagStatus                    0x08009ff1   Thumb Code   120  stm32f4xx_spi.o(.text)
    SPI_I2S_ClearFlag                        0x0800a069   Thumb Code    74  stm32f4xx_spi.o(.text)
    SPI_I2S_GetITStatus                      0x0800a0b3   Thumb Code   154  stm32f4xx_spi.o(.text)
    SPI_I2S_ClearITPendingBit                0x0800a14d   Thumb Code    86  stm32f4xx_spi.o(.text)
    TIM_DeInit                               0x0800a1b5   Thumb Code   440  stm32f4xx_tim.o(.text)
    TIM_TimeBaseInit                         0x0800a36d   Thumb Code   278  stm32f4xx_tim.o(.text)
    TIM_TimeBaseStructInit                   0x0800a483   Thumb Code    18  stm32f4xx_tim.o(.text)
    TIM_PrescalerConfig                      0x0800a495   Thumb Code   128  stm32f4xx_tim.o(.text)
    TIM_CounterModeConfig                    0x0800a515   Thumb Code   100  stm32f4xx_tim.o(.text)
    TIM_SetCounter                           0x0800a579   Thumb Code   222  stm32f4xx_tim.o(.text)
    TIM_SetAutoreload                        0x0800a657   Thumb Code   108  stm32f4xx_tim.o(.text)
    TIM_GetCounter                           0x0800a6c3   Thumb Code   106  stm32f4xx_tim.o(.text)
    TIM_GetPrescaler                         0x0800a72d   Thumb Code   106  stm32f4xx_tim.o(.text)
    TIM_UpdateDisableConfig                  0x0800a797   Thumb Code   148  stm32f4xx_tim.o(.text)
    TIM_UpdateRequestConfig                  0x0800a82b   Thumb Code   148  stm32f4xx_tim.o(.text)
    TIM_ARRPreloadConfig                     0x0800a8bf   Thumb Code   148  stm32f4xx_tim.o(.text)
    TIM_SelectOnePulseMode                   0x0800a953   Thumb Code   142  stm32f4xx_tim.o(.text)
    TIM_SetClockDivision                     0x0800a9e1   Thumb Code   192  stm32f4xx_tim.o(.text)
    TIM_Cmd                                  0x0800aaa1   Thumb Code   148  stm32f4xx_tim.o(.text)
    TIM_OC1Init                              0x0800ab35   Thumb Code   416  stm32f4xx_tim.o(.text)
    TIM_OC2Init                              0x0800acd5   Thumb Code   486  stm32f4xx_tim.o(.text)
    TIM_OC3Init                              0x0800aebb   Thumb Code   416  stm32f4xx_tim.o(.text)
    TIM_OC4Init                              0x0800b05b   Thumb Code   300  stm32f4xx_tim.o(.text)
    TIM_OCStructInit                         0x0800b187   Thumb Code    20  stm32f4xx_tim.o(.text)
    TIM_SelectOCxM                           0x0800b19b   Thumb Code   256  stm32f4xx_tim.o(.text)
    TIM_SetCompare1                          0x0800b29b   Thumb Code   142  stm32f4xx_tim.o(.text)
    TIM_SetCompare2                          0x0800b329   Thumb Code    72  stm32f4xx_tim.o(.text)
    TIM_SetCompare3                          0x0800b371   Thumb Code    60  stm32f4xx_tim.o(.text)
    TIM_SetCompare4                          0x0800b3ad   Thumb Code    60  stm32f4xx_tim.o(.text)
    TIM_ForcedOC1Config                      0x0800b3e9   Thumb Code   130  stm32f4xx_tim.o(.text)
    TIM_ForcedOC2Config                      0x0800b46b   Thumb Code   114  stm32f4xx_tim.o(.text)
    TIM_ForcedOC3Config                      0x0800b4dd   Thumb Code    94  stm32f4xx_tim.o(.text)
    TIM_ForcedOC4Config                      0x0800b53b   Thumb Code   102  stm32f4xx_tim.o(.text)
    TIM_OC1PreloadConfig                     0x0800b5a1   Thumb Code   124  stm32f4xx_tim.o(.text)
    TIM_OC2PreloadConfig                     0x0800b61d   Thumb Code   108  stm32f4xx_tim.o(.text)
    TIM_OC3PreloadConfig                     0x0800b689   Thumb Code   136  stm32f4xx_tim.o(.text)
    TIM_OC4PreloadConfig                     0x0800b711   Thumb Code    96  stm32f4xx_tim.o(.text)
    TIM_OC1FastConfig                        0x0800b771   Thumb Code   124  stm32f4xx_tim.o(.text)
    TIM_OC2FastConfig                        0x0800b7ed   Thumb Code   108  stm32f4xx_tim.o(.text)
    TIM_OC3FastConfig                        0x0800b859   Thumb Code    88  stm32f4xx_tim.o(.text)
    TIM_OC4FastConfig                        0x0800b8b1   Thumb Code    96  stm32f4xx_tim.o(.text)
    TIM_ClearOC1Ref                          0x0800b911   Thumb Code   124  stm32f4xx_tim.o(.text)
    TIM_ClearOC2Ref                          0x0800b98d   Thumb Code   106  stm32f4xx_tim.o(.text)
    TIM_ClearOC3Ref                          0x0800b9f7   Thumb Code    88  stm32f4xx_tim.o(.text)
    TIM_ClearOC4Ref                          0x0800ba4f   Thumb Code    94  stm32f4xx_tim.o(.text)
    TIM_OC1PolarityConfig                    0x0800baad   Thumb Code   174  stm32f4xx_tim.o(.text)
    TIM_OC1NPolarityConfig                   0x0800bb5b   Thumb Code    64  stm32f4xx_tim.o(.text)
    TIM_OC2PolarityConfig                    0x0800bb9b   Thumb Code   108  stm32f4xx_tim.o(.text)
    TIM_OC2NPolarityConfig                   0x0800bc07   Thumb Code    72  stm32f4xx_tim.o(.text)
    TIM_OC3PolarityConfig                    0x0800bc4f   Thumb Code    96  stm32f4xx_tim.o(.text)
    TIM_OC3NPolarityConfig                   0x0800bcaf   Thumb Code    72  stm32f4xx_tim.o(.text)
    TIM_OC4PolarityConfig                    0x0800bcf7   Thumb Code    96  stm32f4xx_tim.o(.text)
    TIM_CCxCmd                               0x0800bd57   Thumb Code   168  stm32f4xx_tim.o(.text)
    TIM_CCxNCmd                              0x0800bdff   Thumb Code   104  stm32f4xx_tim.o(.text)
    TIM_SetIC4Prescaler                      0x0800be67   Thumb Code   106  stm32f4xx_tim.o(.text)
    TIM_SetIC3Prescaler                      0x0800bf51   Thumb Code    98  stm32f4xx_tim.o(.text)
    TIM_SetIC2Prescaler                      0x0800bffb   Thumb Code   118  stm32f4xx_tim.o(.text)
    TIM_SetIC1Prescaler                      0x0800c0c1   Thumb Code   134  stm32f4xx_tim.o(.text)
    TIM_ICInit                               0x0800c181   Thumb Code   508  stm32f4xx_tim.o(.text)
    TIM_ICStructInit                         0x0800c37d   Thumb Code    18  stm32f4xx_tim.o(.text)
    TIM_PWMIConfig                           0x0800c38f   Thumb Code   184  stm32f4xx_tim.o(.text)
    TIM_GetCapture1                          0x0800c447   Thumb Code    92  stm32f4xx_tim.o(.text)
    TIM_GetCapture2                          0x0800c4a3   Thumb Code    68  stm32f4xx_tim.o(.text)
    TIM_GetCapture3                          0x0800c4e7   Thumb Code    56  stm32f4xx_tim.o(.text)
    TIM_GetCapture4                          0x0800c51f   Thumb Code    56  stm32f4xx_tim.o(.text)
    TIM_BDTRConfig                           0x0800c557   Thumb Code   222  stm32f4xx_tim.o(.text)
    TIM_BDTRStructInit                       0x0800c635   Thumb Code    18  stm32f4xx_tim.o(.text)
    TIM_CtrlPWMOutputs                       0x0800c647   Thumb Code    78  stm32f4xx_tim.o(.text)
    TIM_SelectCOM                            0x0800c695   Thumb Code    72  stm32f4xx_tim.o(.text)
    TIM_CCPreloadControl                     0x0800c6dd   Thumb Code    72  stm32f4xx_tim.o(.text)
    TIM_ITConfig                             0x0800c725   Thumb Code   218  stm32f4xx_tim.o(.text)
    TIM_GenerateEvent                        0x0800c7ff   Thumb Code   126  stm32f4xx_tim.o(.text)
    TIM_GetFlagStatus                        0x0800c87d   Thumb Code   188  stm32f4xx_tim.o(.text)
    TIM_ClearFlag                            0x0800c939   Thumb Code   108  stm32f4xx_tim.o(.text)
    TIM_GetITStatus                          0x0800c9a5   Thumb Code   186  stm32f4xx_tim.o(.text)
    TIM_ClearITPendingBit                    0x0800ca5f   Thumb Code   108  stm32f4xx_tim.o(.text)
    TIM_DMAConfig                            0x0800cacb   Thumb Code   334  stm32f4xx_tim.o(.text)
    TIM_DMACmd                               0x0800cc19   Thumb Code   126  stm32f4xx_tim.o(.text)
    TIM_SelectCCDMA                          0x0800cc97   Thumb Code    96  stm32f4xx_tim.o(.text)
    TIM_InternalClockConfig                  0x0800ccf7   Thumb Code    76  stm32f4xx_tim.o(.text)
    TIM_SelectInputTrigger                   0x0800cd43   Thumb Code   148  stm32f4xx_tim.o(.text)
    TIM_ITRxExternalClockConfig              0x0800cdd7   Thumb Code   110  stm32f4xx_tim.o(.text)
    TIM_TIxExternalClockConfig               0x0800ce45   Thumb Code   184  stm32f4xx_tim.o(.text)
    TIM_ETRConfig                            0x0800cefd   Thumb Code   164  stm32f4xx_tim.o(.text)
    TIM_ETRClockMode1Config                  0x0800cfa1   Thumb Code   228  stm32f4xx_tim.o(.text)
    TIM_ETRClockMode2Config                  0x0800d085   Thumb Code   152  stm32f4xx_tim.o(.text)
    TIM_SelectOutputTrigger                  0x0800d11d   Thumb Code   126  stm32f4xx_tim.o(.text)
    TIM_SelectSlaveMode                      0x0800d19b   Thumb Code   112  stm32f4xx_tim.o(.text)
    TIM_SelectMasterSlaveMode                0x0800d20b   Thumb Code   102  stm32f4xx_tim.o(.text)
    TIM_EncoderInterfaceConfig               0x0800d271   Thumb Code   226  stm32f4xx_tim.o(.text)
    TIM_SelectHallSensor                     0x0800d353   Thumb Code   108  stm32f4xx_tim.o(.text)
    TIM_RemapConfig                          0x0800d3bf   Thumb Code   138  stm32f4xx_tim.o(.text)
    USART_DeInit                             0x0800d449   Thumb Code   202  stm32f4xx_usart.o(.text)
    USART_Init                               0x0800d513   Thumb Code   456  stm32f4xx_usart.o(.text)
    USART_StructInit                         0x0800d6db   Thumb Code    24  stm32f4xx_usart.o(.text)
    USART_ClockInit                          0x0800d6f3   Thumb Code   166  stm32f4xx_usart.o(.text)
    USART_ClockStructInit                    0x0800d799   Thumb Code    12  stm32f4xx_usart.o(.text)
    USART_Cmd                                0x0800d7a5   Thumb Code    96  stm32f4xx_usart.o(.text)
    USART_SetPrescaler                       0x0800d805   Thumb Code   160  stm32f4xx_usart.o(.text)
    USART_OverSampling8Cmd                   0x0800d8a5   Thumb Code    98  stm32f4xx_usart.o(.text)
    USART_OneBitMethodCmd                    0x0800d907   Thumb Code   100  stm32f4xx_usart.o(.text)
    USART_SendData                           0x0800d96b   Thumb Code    84  stm32f4xx_usart.o(.text)
    USART_ReceiveData                        0x0800d9bf   Thumb Code    62  stm32f4xx_usart.o(.text)
    USART_SetAddress                         0x0800d9fd   Thumb Code    92  stm32f4xx_usart.o(.text)
    USART_ReceiverWakeUpCmd                  0x0800da59   Thumb Code   100  stm32f4xx_usart.o(.text)
    USART_WakeUpConfig                       0x0800dabd   Thumb Code    96  stm32f4xx_usart.o(.text)
    USART_LINBreakDetectLengthConfig         0x0800db1d   Thumb Code    94  stm32f4xx_usart.o(.text)
    USART_LINCmd                             0x0800db7b   Thumb Code   100  stm32f4xx_usart.o(.text)
    USART_SendBreak                          0x0800dbdf   Thumb Code    64  stm32f4xx_usart.o(.text)
    USART_HalfDuplexCmd                      0x0800dc1f   Thumb Code   100  stm32f4xx_usart.o(.text)
    USART_SetGuardTime                       0x0800dc83   Thumb Code    86  stm32f4xx_usart.o(.text)
    USART_SmartCardCmd                       0x0800dcd9   Thumb Code    88  stm32f4xx_usart.o(.text)
    USART_SmartCardNACKCmd                   0x0800dd31   Thumb Code    88  stm32f4xx_usart.o(.text)
    USART_IrDAConfig                         0x0800dd89   Thumb Code    94  stm32f4xx_usart.o(.text)
    USART_IrDACmd                            0x0800dde7   Thumb Code   100  stm32f4xx_usart.o(.text)
    USART_DMACmd                             0x0800de4b   Thumb Code   120  stm32f4xx_usart.o(.text)
    USART_ITConfig                           0x0800dec3   Thumb Code   268  stm32f4xx_usart.o(.text)
    USART_GetFlagStatus                      0x0800dfcf   Thumb Code   176  stm32f4xx_usart.o(.text)
    USART_ClearFlag                          0x0800e07f   Thumb Code   160  stm32f4xx_usart.o(.text)
    USART_GetITStatus                        0x0800e11f   Thumb Code   284  stm32f4xx_usart.o(.text)
    USART_ClearITPendingBit                  0x0800e23b   Thumb Code   170  stm32f4xx_usart.o(.text)
    SystemInit                               0x0800e3d9   Thumb Code    88  system_stm32f4xx.o(.text)
    SystemCoreClockUpdate                    0x0800e431   Thumb Code   174  system_stm32f4xx.o(.text)
    Reset_Handler                            0x0800e50d   Thumb Code     8  startup_stm32f4xx.o(.text)
    HardFault_Handler                        0x0800e517   Thumb Code     2  startup_stm32f4xx.o(.text)
    PendSV_Handler                           0x0800e523   Thumb Code     2  startup_stm32f4xx.o(.text)
    ADC_IRQHandler                           0x0800e527   Thumb Code     0  startup_stm32f4xx.o(.text)
    CAN1_RX0_IRQHandler                      0x0800e527   Thumb Code     0  startup_stm32f4xx.o(.text)
    CAN1_RX1_IRQHandler                      0x0800e527   Thumb Code     0  startup_stm32f4xx.o(.text)
    CAN1_SCE_IRQHandler                      0x0800e527   Thumb Code     0  startup_stm32f4xx.o(.text)
    CAN1_TX_IRQHandler                       0x0800e527   Thumb Code     0  startup_stm32f4xx.o(.text)
    CAN2_RX0_IRQHandler                      0x0800e527   Thumb Code     0  startup_stm32f4xx.o(.text)
    CAN2_RX1_IRQHandler                      0x0800e527   Thumb Code     0  startup_stm32f4xx.o(.text)
    CAN2_SCE_IRQHandler                      0x0800e527   Thumb Code     0  startup_stm32f4xx.o(.text)
    CAN2_TX_IRQHandler                       0x0800e527   Thumb Code     0  startup_stm32f4xx.o(.text)
    CRYP_IRQHandler                          0x0800e527   Thumb Code     0  startup_stm32f4xx.o(.text)
    DCMI_IRQHandler                          0x0800e527   Thumb Code     0  startup_stm32f4xx.o(.text)
    DMA1_Stream0_IRQHandler                  0x0800e527   Thumb Code     0  startup_stm32f4xx.o(.text)
    DMA1_Stream1_IRQHandler                  0x0800e527   Thumb Code     0  startup_stm32f4xx.o(.text)
    DMA1_Stream2_IRQHandler                  0x0800e527   Thumb Code     0  startup_stm32f4xx.o(.text)
    DMA1_Stream3_IRQHandler                  0x0800e527   Thumb Code     0  startup_stm32f4xx.o(.text)
    DMA1_Stream4_IRQHandler                  0x0800e527   Thumb Code     0  startup_stm32f4xx.o(.text)
    DMA1_Stream5_IRQHandler                  0x0800e527   Thumb Code     0  startup_stm32f4xx.o(.text)
    DMA1_Stream6_IRQHandler                  0x0800e527   Thumb Code     0  startup_stm32f4xx.o(.text)
    DMA1_Stream7_IRQHandler                  0x0800e527   Thumb Code     0  startup_stm32f4xx.o(.text)
    DMA2_Stream0_IRQHandler                  0x0800e527   Thumb Code     0  startup_stm32f4xx.o(.text)
    DMA2_Stream1_IRQHandler                  0x0800e527   Thumb Code     0  startup_stm32f4xx.o(.text)
    DMA2_Stream2_IRQHandler                  0x0800e527   Thumb Code     0  startup_stm32f4xx.o(.text)
    DMA2_Stream3_IRQHandler                  0x0800e527   Thumb Code     0  startup_stm32f4xx.o(.text)
    DMA2_Stream4_IRQHandler                  0x0800e527   Thumb Code     0  startup_stm32f4xx.o(.text)
    DMA2_Stream5_IRQHandler                  0x0800e527   Thumb Code     0  startup_stm32f4xx.o(.text)
    DMA2_Stream6_IRQHandler                  0x0800e527   Thumb Code     0  startup_stm32f4xx.o(.text)
    DMA2_Stream7_IRQHandler                  0x0800e527   Thumb Code     0  startup_stm32f4xx.o(.text)
    ETH_IRQHandler                           0x0800e527   Thumb Code     0  startup_stm32f4xx.o(.text)
    ETH_WKUP_IRQHandler                      0x0800e527   Thumb Code     0  startup_stm32f4xx.o(.text)
    EXTI0_IRQHandler                         0x0800e527   Thumb Code     0  startup_stm32f4xx.o(.text)
    EXTI15_10_IRQHandler                     0x0800e527   Thumb Code     0  startup_stm32f4xx.o(.text)
    EXTI1_IRQHandler                         0x0800e527   Thumb Code     0  startup_stm32f4xx.o(.text)
    EXTI2_IRQHandler                         0x0800e527   Thumb Code     0  startup_stm32f4xx.o(.text)
    EXTI3_IRQHandler                         0x0800e527   Thumb Code     0  startup_stm32f4xx.o(.text)
    EXTI4_IRQHandler                         0x0800e527   Thumb Code     0  startup_stm32f4xx.o(.text)
    EXTI9_5_IRQHandler                       0x0800e527   Thumb Code     0  startup_stm32f4xx.o(.text)
    FLASH_IRQHandler                         0x0800e527   Thumb Code     0  startup_stm32f4xx.o(.text)
    FPU_IRQHandler                           0x0800e527   Thumb Code     0  startup_stm32f4xx.o(.text)
    FSMC_IRQHandler                          0x0800e527   Thumb Code     0  startup_stm32f4xx.o(.text)
    HASH_RNG_IRQHandler                      0x0800e527   Thumb Code     0  startup_stm32f4xx.o(.text)
    I2C1_ER_IRQHandler                       0x0800e527   Thumb Code     0  startup_stm32f4xx.o(.text)
    I2C1_EV_IRQHandler                       0x0800e527   Thumb Code     0  startup_stm32f4xx.o(.text)
    I2C2_ER_IRQHandler                       0x0800e527   Thumb Code     0  startup_stm32f4xx.o(.text)
    I2C2_EV_IRQHandler                       0x0800e527   Thumb Code     0  startup_stm32f4xx.o(.text)
    I2C3_ER_IRQHandler                       0x0800e527   Thumb Code     0  startup_stm32f4xx.o(.text)
    I2C3_EV_IRQHandler                       0x0800e527   Thumb Code     0  startup_stm32f4xx.o(.text)
    OTG_FS_IRQHandler                        0x0800e527   Thumb Code     0  startup_stm32f4xx.o(.text)
    OTG_FS_WKUP_IRQHandler                   0x0800e527   Thumb Code     0  startup_stm32f4xx.o(.text)
    OTG_HS_EP1_IN_IRQHandler                 0x0800e527   Thumb Code     0  startup_stm32f4xx.o(.text)
    OTG_HS_EP1_OUT_IRQHandler                0x0800e527   Thumb Code     0  startup_stm32f4xx.o(.text)
    OTG_HS_IRQHandler                        0x0800e527   Thumb Code     0  startup_stm32f4xx.o(.text)
    OTG_HS_WKUP_IRQHandler                   0x0800e527   Thumb Code     0  startup_stm32f4xx.o(.text)
    PVD_IRQHandler                           0x0800e527   Thumb Code     0  startup_stm32f4xx.o(.text)
    RCC_IRQHandler                           0x0800e527   Thumb Code     0  startup_stm32f4xx.o(.text)
    RTC_Alarm_IRQHandler                     0x0800e527   Thumb Code     0  startup_stm32f4xx.o(.text)
    RTC_WKUP_IRQHandler                      0x0800e527   Thumb Code     0  startup_stm32f4xx.o(.text)
    SDIO_IRQHandler                          0x0800e527   Thumb Code     0  startup_stm32f4xx.o(.text)
    SPI1_IRQHandler                          0x0800e527   Thumb Code     0  startup_stm32f4xx.o(.text)
    SPI2_IRQHandler                          0x0800e527   Thumb Code     0  startup_stm32f4xx.o(.text)
    SPI3_IRQHandler                          0x0800e527   Thumb Code     0  startup_stm32f4xx.o(.text)
    TAMP_STAMP_IRQHandler                    0x0800e527   Thumb Code     0  startup_stm32f4xx.o(.text)
    TIM1_BRK_TIM9_IRQHandler                 0x0800e527   Thumb Code     0  startup_stm32f4xx.o(.text)
    TIM1_CC_IRQHandler                       0x0800e527   Thumb Code     0  startup_stm32f4xx.o(.text)
    TIM1_TRG_COM_TIM11_IRQHandler            0x0800e527   Thumb Code     0  startup_stm32f4xx.o(.text)
    TIM1_UP_TIM10_IRQHandler                 0x0800e527   Thumb Code     0  startup_stm32f4xx.o(.text)
    TIM2_IRQHandler                          0x0800e527   Thumb Code     0  startup_stm32f4xx.o(.text)
    TIM5_IRQHandler                          0x0800e527   Thumb Code     0  startup_stm32f4xx.o(.text)
    TIM6_DAC_IRQHandler                      0x0800e527   Thumb Code     0  startup_stm32f4xx.o(.text)
    TIM7_IRQHandler                          0x0800e527   Thumb Code     0  startup_stm32f4xx.o(.text)
    TIM8_BRK_TIM12_IRQHandler                0x0800e527   Thumb Code     0  startup_stm32f4xx.o(.text)
    TIM8_CC_IRQHandler                       0x0800e527   Thumb Code     0  startup_stm32f4xx.o(.text)
    TIM8_TRG_COM_TIM14_IRQHandler            0x0800e527   Thumb Code     0  startup_stm32f4xx.o(.text)
    TIM8_UP_TIM13_IRQHandler                 0x0800e527   Thumb Code     0  startup_stm32f4xx.o(.text)
    UART4_IRQHandler                         0x0800e527   Thumb Code     0  startup_stm32f4xx.o(.text)
    USART1_IRQHandler                        0x0800e527   Thumb Code     0  startup_stm32f4xx.o(.text)
    USART3_IRQHandler                        0x0800e527   Thumb Code     0  startup_stm32f4xx.o(.text)
    USART6_IRQHandler                        0x0800e527   Thumb Code     0  startup_stm32f4xx.o(.text)
    WWDG_IRQHandler                          0x0800e527   Thumb Code     0  startup_stm32f4xx.o(.text)
    __user_initial_stackheap                 0x0800e529   Thumb Code     0  startup_stm32f4xx.o(.text)
    NRF_Write_Reg                            0x0800e54d   Thumb Code    40  nrf.o(.text)
    NRF_Read_Reg                             0x0800e575   Thumb Code    38  nrf.o(.text)
    NRF_Write_Buf                            0x0800e59b   Thumb Code    58  nrf.o(.text)
    NRF_Read_Buf                             0x0800e5d5   Thumb Code    60  nrf.o(.text)
    NRF_TxPacket                             0x0800e611   Thumb Code    44  nrf.o(.text)
    NRF_TxPacket_AP                          0x0800e63d   Thumb Code    34  nrf.o(.text)
    Nrf24l01_Check                           0x0800e65f   Thumb Code    62  nrf.o(.text)
    NRF24L01_RxPacket                        0x0800e69d   Thumb Code    52  nrf.o(.text)
    Nrf24l01_Init                            0x0800e6d1   Thumb Code   238  nrf.o(.text)
    NRF_DataAnl                              0x0800e7cd   Thumb Code  2912  rc_mine.o(.text)
    Nrf_Check_Event                          0x0800f32d   Thumb Code   148  rc_mine.o(.text)
    NRF_Send_ARMED                           0x0800f3c1   Thumb Code   430  rc_mine.o(.text)
    NRF_Send_RC_PID1                         0x0800f56f   Thumb Code   236  rc_mine.o(.text)
    NRF_Send_RC_PID2                         0x0800f65b   Thumb Code   174  rc_mine.o(.text)
    NRF_Send_RC_SET                          0x0800f709   Thumb Code   126  rc_mine.o(.text)
    RC_Send_Task                             0x0800f787   Thumb Code   108  rc_mine.o(.text)
    CAL_CHECK                                0x0800f7f3   Thumb Code     2  rc_mine.o(.text)
    Spi1_Init                                0x0800f841   Thumb Code   290  spi_nrf.o(.text)
    Spi_RW                                   0x0800f963   Thumb Code    50  spi_nrf.o(.text)
    __aeabi_memclr4                          0x0800f99d   Thumb Code     0  rt_memclr_w.o(.text)
    __aeabi_memclr8                          0x0800f99d   Thumb Code     0  rt_memclr_w.o(.text)
    __rt_memclr_w                            0x0800f99d   Thumb Code    78  rt_memclr_w.o(.text)
    _memset_w                                0x0800f9a1   Thumb Code     0  rt_memclr_w.o(.text)
    __use_two_region_memory                  0x0800f9eb   Thumb Code     2  heapauxi.o(.text)
    __rt_heap_escrow$2region                 0x0800f9ed   Thumb Code     2  heapauxi.o(.text)
    __rt_heap_expand$2region                 0x0800f9ef   Thumb Code     2  heapauxi.o(.text)
    __read_errno                             0x0800f9f1   Thumb Code    10  _rserrno.o(.text)
    __set_errno                              0x0800f9fb   Thumb Code    12  _rserrno.o(.text)
    __aeabi_errno_addr                       0x0800fa09   Thumb Code     8  rt_errno_addr_intlibspace.o(.text)
    __errno$intlibspace                      0x0800fa09   Thumb Code     0  rt_errno_addr_intlibspace.o(.text)
    __rt_errno_addr$intlibspace              0x0800fa09   Thumb Code     0  rt_errno_addr_intlibspace.o(.text)
    __user_libspace                          0x0800fa11   Thumb Code     8  libspace.o(.text)
    __user_perproc_libspace                  0x0800fa11   Thumb Code     0  libspace.o(.text)
    __user_perthread_libspace                0x0800fa11   Thumb Code     0  libspace.o(.text)
    __user_setup_stackheap                   0x0800fa19   Thumb Code    74  sys_stackheap_outer.o(.text)
    exit                                     0x0800fa63   Thumb Code    18  exit.o(.text)
    _sys_exit                                0x0800fa75   Thumb Code     8  sys_exit.o(.text)
    __I$use$semihosting                      0x0800fa81   Thumb Code     0  use_no_semi.o(.text)
    __use_no_semihosting_swi                 0x0800fa81   Thumb Code     2  use_no_semi.o(.text)
    __ARM_fpclassify                         0x0800fa83   Thumb Code    48  fpclassify.o(i.__ARM_fpclassify)
    __semihosting_library_function           0x0800fa83   Thumb Code     0  indicate_semi.o(.text)
    __hardfp_asin                            0x0800fab9   Thumb Code   770  asin.o(i.__hardfp_asin)
    __hardfp_atan                            0x0800fe19   Thumb Code   622  atan.o(i.__hardfp_atan)
    __hardfp_atan2                           0x080100f1   Thumb Code   432  atan2.o(i.__hardfp_atan2)
    __hardfp_sqrt                            0x080102e1   Thumb Code   122  sqrt.o(i.__hardfp_sqrt)
    __kernel_poly                            0x0801035b   Thumb Code   248  poly.o(i.__kernel_poly)
    __mathlib_dbl_infnan                     0x08010453   Thumb Code    20  dunder.o(i.__mathlib_dbl_infnan)
    __mathlib_dbl_infnan2                    0x08010467   Thumb Code    20  dunder.o(i.__mathlib_dbl_infnan2)
    __mathlib_dbl_invalid                    0x08010481   Thumb Code    24  dunder.o(i.__mathlib_dbl_invalid)
    __mathlib_dbl_underflow                  0x080104a1   Thumb Code    24  dunder.o(i.__mathlib_dbl_underflow)
    atan                                     0x080104c1   Thumb Code    16  atan.o(i.atan)
    fabs                                     0x080104d1   Thumb Code    24  fabs.o(i.fabs)
    sqrt                                     0x080104e9   Thumb Code   110  sqrt.o(i.sqrt)
    __aeabi_dneg                             0x08010557   Thumb Code     0  basic.o(x$fpl$basic)
    _dneg                                    0x08010557   Thumb Code     6  basic.o(x$fpl$basic)
    __aeabi_fneg                             0x0801055d   Thumb Code     0  basic.o(x$fpl$basic)
    _fneg                                    0x0801055d   Thumb Code     6  basic.o(x$fpl$basic)
    _dabs                                    0x08010563   Thumb Code     6  basic.o(x$fpl$basic)
    _fabs                                    0x08010569   Thumb Code     6  basic.o(x$fpl$basic)
    __aeabi_d2f                              0x08010571   Thumb Code     0  d2f.o(x$fpl$d2f)
    _d2f                                     0x08010571   Thumb Code    98  d2f.o(x$fpl$d2f)
    __aeabi_dadd                             0x080105d5   Thumb Code     0  daddsub_clz.o(x$fpl$dadd)
    _dadd                                    0x080105d5   Thumb Code   332  daddsub_clz.o(x$fpl$dadd)
    __fpl_dcmp_Inf                           0x08010725   Thumb Code    24  dcmpi.o(x$fpl$dcmpinf)
    __aeabi_ddiv                             0x0801073d   Thumb Code     0  ddiv.o(x$fpl$ddiv)
    _ddiv                                    0x0801073d   Thumb Code   552  ddiv.o(x$fpl$ddiv)
    __aeabi_d2iz                             0x080109ed   Thumb Code     0  dfix.o(x$fpl$dfix)
    _dfix                                    0x080109ed   Thumb Code    94  dfix.o(x$fpl$dfix)
    __aeabi_d2uiz                            0x08010a4d   Thumb Code     0  dfixu.o(x$fpl$dfixu)
    _dfixu                                   0x08010a4d   Thumb Code    90  dfixu.o(x$fpl$dfixu)
    __aeabi_i2d                              0x08010aa7   Thumb Code     0  dflt_clz.o(x$fpl$dflt)
    _dflt                                    0x08010aa7   Thumb Code    46  dflt_clz.o(x$fpl$dflt)
    __aeabi_cdcmple                          0x08010ad5   Thumb Code     0  dleqf.o(x$fpl$dleqf)
    _dcmple                                  0x08010ad5   Thumb Code   120  dleqf.o(x$fpl$dleqf)
    __fpl_dcmple_InfNaN                      0x08010b37   Thumb Code     0  dleqf.o(x$fpl$dleqf)
    __aeabi_dmul                             0x08010b4d   Thumb Code     0  dmul.o(x$fpl$dmul)
    _dmul                                    0x08010b4d   Thumb Code   332  dmul.o(x$fpl$dmul)
    __fpl_dnaninf                            0x08010ca1   Thumb Code   156  dnaninf.o(x$fpl$dnaninf)
    __fpl_dretinf                            0x08010d3d   Thumb Code    12  dretinf.o(x$fpl$dretinf)
    __aeabi_cdrcmple                         0x08010d49   Thumb Code     0  drleqf.o(x$fpl$drleqf)
    _drcmple                                 0x08010d49   Thumb Code   108  drleqf.o(x$fpl$drleqf)
    __aeabi_drsub                            0x08010db5   Thumb Code     0  daddsub_clz.o(x$fpl$drsb)
    _drsb                                    0x08010db5   Thumb Code    22  daddsub_clz.o(x$fpl$drsb)
    _dsqrt                                   0x08010dcd   Thumb Code   404  dsqrt_umaal.o(x$fpl$dsqrt)
    __aeabi_dsub                             0x08010f65   Thumb Code     0  daddsub_clz.o(x$fpl$dsub)
    _dsub                                    0x08010f65   Thumb Code   464  daddsub_clz.o(x$fpl$dsub)
    __aeabi_f2d                              0x08011139   Thumb Code     0  f2d.o(x$fpl$f2d)
    _f2d                                     0x08011139   Thumb Code    86  f2d.o(x$fpl$f2d)
    __fpl_fnaninf                            0x0801118f   Thumb Code   140  fnaninf.o(x$fpl$fnaninf)
    _fp_init                                 0x0801121b   Thumb Code    10  fpinit.o(x$fpl$fpinit)
    __fplib_config_fpu_vfp                   0x08011223   Thumb Code     0  fpinit.o(x$fpl$fpinit)
    __fplib_config_pureend_doubles           0x08011223   Thumb Code     0  fpinit.o(x$fpl$fpinit)
    __fpl_fretinf                            0x08011225   Thumb Code    10  fretinf.o(x$fpl$fretinf)
    __I$use$fp                               0x0801122e   Number         0  usenofp.o(x$fpl$usenofp)
    __mathlib_zero                           0x08011318   Data           8  qnan.o(.constdata)
    Region$$Table$$Base                      0x08011320   Number         0  anon$$obj.o(Region$$Table)
    Region$$Table$$Limit                     0x08011340   Number         0  anon$$obj.o(Region$$Table)
    Init_Finish                              0x20000000   Data           1  main.o(.data)
    loop_cnt                                 0x20000002   Data           2  scheduler.o(.data)
    fly_ready                                0x20000004   Data           1  scheduler.o(.data)
    Roll                                     0x2000000c   Data           4  imu.o(.data)
    Pitch                                    0x20000010   Data           4  imu.o(.data)
    Yaw                                      0x20000014   Data           4  imu.o(.data)
    ref_q                                    0x20000018   Data          16  imu.o(.data)
    norm_acc                                 0x20000028   Data           4  imu.o(.data)
    norm_q                                   0x2000002c   Data           4  imu.o(.data)
    norm_acc_lpf                             0x20000030   Data           4  imu.o(.data)
    Kp_imu                                   0x20000034   Data           4  imu.o(.data)
    Ki_imu                                   0x20000038   Data           4  imu.o(.data)
    exInt                                    0x2000003c   Data           4  imu.o(.data)
    eyInt                                    0x20000040   Data           4  imu.o(.data)
    ezInt                                    0x20000044   Data           4  imu.o(.data)
    q0                                       0x20000048   Data           4  imu.o(.data)
    q1                                       0x2000004c   Data           4  imu.o(.data)
    q2                                       0x20000050   Data           4  imu.o(.data)
    q3                                       0x20000054   Data           4  imu.o(.data)
    w1                                       0x20000058   Data           4  imu.o(.data)
    w2                                       0x2000005c   Data           4  imu.o(.data)
    w3                                       0x20000060   Data           4  imu.o(.data)
    fast_atan_table                          0x2000007c   Data        1028  mymath.o(.data)
    med_filter_out                           0x20000480   Data           8  filter.o(.data)
    med_fil_cnt                              0x20000488   Data           2  filter.o(.data)
    sysTickUptime                            0x2000048c   Data           4  time.o(.data)
    time_1h                                  0x20000490   Data           4  time.o(.data)
    time_1m                                  0x20000494   Data           4  time.o(.data)
    time_1s                                  0x20000498   Data           4  time.o(.data)
    time_1ms                                 0x2000049c   Data           4  time.o(.data)
    I2C_FastMode                             0x200004a0   Data           1  i2c_soft.o(.data)
    mpu6050_ok                               0x200004a8   Data           1  mpu6050.o(.data)
    acc_sum_cnt                              0x200004aa   Data           2  mpu6050.o(.data)
    gyro_sum_cnt                             0x200004ac   Data           2  mpu6050.o(.data)
    filter_cnt                               0x20000550   Data           1  mpu6050.o(.data)
    filter_cnt_old                           0x20000551   Data           1  mpu6050.o(.data)
    test_ang                                 0x20000554   Data           4  mpu6050.o(.data)
    test_ang_old                             0x20000558   Data           4  mpu6050.o(.data)
    test_ang_d                               0x2000055c   Data           4  mpu6050.o(.data)
    test_fli_a                               0x20000560   Data           4  mpu6050.o(.data)
    test_i                                   0x20000564   Data           4  mpu6050.o(.data)
    HMC5883_calib                            0x20000570   Data           1  ak8975.o(.data)
    ak8975                                   0x20000574   Data          44  ak8975.o(.data)
    ak8975_ok                                0x200005a0   Data           1  ak8975.o(.data)
    Mag_CALIBRATED                           0x200005a1   Data           1  ak8975.o(.data)
    Mag_CALIBRATED_R                         0x200005a2   Data           1  ak8975.o(.data)
    MODE_KEY                                 0x200005c0   Data           8  led.o(.data)
    SEL_KEY                                  0x200005c8   Data           4  led.o(.data)
    LED_Brightness                           0x200005cc   Data           4  led.o(.data)
    LED_status                               0x200005d0   Data           2  led.o(.data)
    mode_control                             0x200005d2   Data           1  led.o(.data)
    LOCK                                     0x200005e0   Data           1  usart.o(.data)
    KEY                                      0x200005e1   Data           6  usart.o(.data)
    lock_tx                                  0x200005e7   Data           1  usart.o(.data)
    TxCounter                                0x200005e8   Data           1  usart.o(.data)
    count                                    0x200005e9   Data           1  usart.o(.data)
    RxState                                  0x200005ea   Data           1  usart.o(.data)
    RxBufferNum                              0x200005eb   Data           1  usart.o(.data)
    RxBufferCnt                              0x200005ec   Data           1  usart.o(.data)
    RxLen                                    0x200005ed   Data           1  usart.o(.data)
    com_data                                 0x200005ee   Data           1  usart.o(.data)
    Tx5Counter                               0x200005f1   Data           1  usart.o(.data)
    count5                                   0x200005f2   Data           1  usart.o(.data)
    HMC5883_lastx                            0x200005f8   Data           4  hml5833l.o(.data)
    HMC5883_lasty                            0x200005fc   Data           4  hml5833l.o(.data)
    HMC5883_lastz                            0x20000600   Data           4  hml5833l.o(.data)
    HMC5883_maxx                             0x20000604   Data           2  hml5833l.o(.data)
    HMC5883_maxy                             0x20000606   Data           2  hml5833l.o(.data)
    HMC5883_maxz                             0x20000608   Data           2  hml5833l.o(.data)
    HMC5883_minx                             0x2000060a   Data           2  hml5833l.o(.data)
    HMC5883_miny                             0x2000060c   Data           2  hml5833l.o(.data)
    HMC5883_minz                             0x2000060e   Data           2  hml5833l.o(.data)
    SystemCoreClock                          0x20000634   Data           4  system_stm32f4xx.o(.data)
    AHBPrescTable                            0x20000638   Data          16  system_stm32f4xx.o(.data)
    TX_ADDRESS                               0x20000648   Data           5  nrf.o(.data)
    RX_ADDRESS                               0x2000064d   Data           5  nrf.o(.data)
    QH                                       0x20000658   Data           2  rc_mine.o(.data)
    ZY                                       0x2000065a   Data           2  rc_mine.o(.data)
    XZ                                       0x2000065c   Data           2  rc_mine.o(.data)
    is_lock                                  0x2000065e   Data           1  rc_mine.o(.data)
    EN_FIX_GPSF                              0x2000065f   Data           1  rc_mine.o(.data)
    EN_FIX_LOCKWF                            0x20000660   Data           1  rc_mine.o(.data)
    EN_CONTROL_IMUF                          0x20000661   Data           1  rc_mine.o(.data)
    EN_FIX_INSF                              0x20000662   Data           1  rc_mine.o(.data)
    EN_FIX_HIGHF                             0x20000663   Data           1  rc_mine.o(.data)
    tx_lock                                  0x20000664   Data           1  rc_mine.o(.data)
    EN_FIX_GPS                               0x20000665   Data           1  rc_mine.o(.data)
    EN_FIX_LOCKW                             0x20000666   Data           1  rc_mine.o(.data)
    EN_CONTROL_IMU                           0x20000667   Data           1  rc_mine.o(.data)
    EN_FIX_INS                               0x20000668   Data           1  rc_mine.o(.data)
    EN_FIX_HIGH                              0x20000669   Data           1  rc_mine.o(.data)
    EN_TX_GX                                 0x2000066a   Data           1  rc_mine.o(.data)
    EN_TX_AX                                 0x2000066b   Data           1  rc_mine.o(.data)
    EN_TX_HM                                 0x2000066c   Data           1  rc_mine.o(.data)
    EN_TX_YRP                                0x2000066d   Data           1  rc_mine.o(.data)
    EN_TX_GPS                                0x2000066e   Data           1  rc_mine.o(.data)
    EN_TX_HIGH                               0x2000066f   Data           1  rc_mine.o(.data)
    up_load_set                              0x20000670   Data           1  rc_mine.o(.data)
    up_load_pid                              0x20000671   Data           1  rc_mine.o(.data)
    key_rc                                   0x20000672   Data           6  rc_mine.o(.data)
    Yaw_sb_rc                                0x20000678   Data           2  rc_mine.o(.data)
    cnt_rst                                  0x2000067a   Data           1  rc_mine.o(.data)
    delta_pitch                              0x2000067b   Data           1  rc_mine.o(.data)
    delta_roll                               0x2000067c   Data           1  rc_mine.o(.data)
    delta_yew                                0x2000067d   Data           1  rc_mine.o(.data)
    ax                                       0x2000067e   Data           2  rc_mine.o(.data)
    ay                                       0x20000680   Data           2  rc_mine.o(.data)
    az                                       0x20000682   Data           2  rc_mine.o(.data)
    gx                                       0x20000684   Data           2  rc_mine.o(.data)
    gy                                       0x20000686   Data           2  rc_mine.o(.data)
    gz                                       0x20000688   Data           2  rc_mine.o(.data)
    hx                                       0x2000068a   Data           2  rc_mine.o(.data)
    hy                                       0x2000068c   Data           2  rc_mine.o(.data)
    hz                                       0x2000068e   Data           2  rc_mine.o(.data)
    YM                                       0x20000690   Data           2  rc_mine.o(.data)
    PWM1                                     0x20000692   Data           2  rc_mine.o(.data)
    PWM2                                     0x20000694   Data           2  rc_mine.o(.data)
    PWM3                                     0x20000696   Data           2  rc_mine.o(.data)
    PWM4                                     0x20000698   Data           2  rc_mine.o(.data)
    fix_pit                                  0x2000069a   Data           2  rc_mine.o(.data)
    fix_rol                                  0x2000069c   Data           2  rc_mine.o(.data)
    bat_fly                                  0x2000069e   Data           2  rc_mine.o(.data)
    high_f                                   0x200006a0   Data           2  rc_mine.o(.data)
    GPS_W                                    0x200006a8   Data           8  rc_mine.o(.data)
    GPS_J                                    0x200006b0   Data           8  rc_mine.o(.data)
    data_rate                                0x200006b8   Data           1  rc_mine.o(.data)
    fly_mode                                 0x200006b9   Data           1  rc_mine.o(.data)
    qr_pos                                   0x200006bc   Data           8  rc_mine.o(.data)
    tar_pos                                  0x200006c4   Data           8  rc_mine.o(.data)
    yaw_gimbal                               0x200006cc   Data           4  rc_mine.o(.data)
    state_drone                              0x200006d0   Data           1  rc_mine.o(.data)
    cnt_timer2_r                             0x200006d4   Data           4  rc_mine.o(.data)
    cnt_led_rx                               0x200006d8   Data           1  rc_mine.o(.data)
    loop                                     0x200006e4   Data          16  scheduler.o(.bss)
    test                                     0x200006f4   Data          20  scheduler.o(.bss)
    reference_v                              0x20000708   Data          12  imu.o(.bss)
    ref                                      0x20000714   Data          60  imu.o(.bss)
    angles                                   0x20000750   Data          12  imu.o(.bss)
    med_filter_tmp                           0x2000075c   Data          88  filter.o(.bss)
    Cycle_T                                  0x200007b4   Data         200  time.o(.bss)
    mpu6050                                  0x20000880   Data         112  mpu6050.o(.bss)
    mpu6050_r                                0x200008f0   Data         112  mpu6050.o(.bss)
    mpu6050_buffer                           0x20000960   Data          14  mpu6050.o(.bss)
    sum_temp                                 0x20000970   Data          28  mpu6050.o(.bss)
    FILT_BUF                                 0x20000b70   Data         154  mpu6050.o(.bss)
    mpu6050_tmp                              0x20000c0c   Data          28  mpu6050.o(.bss)
    mpu_fil_tmp                              0x20000c28   Data          28  mpu6050.o(.bss)
    RC_GET                                   0x20000c50   Data          40  led.o(.bss)
    RC_GET2                                  0x20000c78   Data          20  led.o(.bss)
    HPID                                     0x20000c8c   Data          18  usart.o(.bss)
    SPID                                     0x20000c9e   Data          18  usart.o(.bss)
    FIX_PID                                  0x20000cb0   Data          18  usart.o(.bss)
    NAV_PID                                  0x20000cc2   Data          18  usart.o(.bss)
    pid                                      0x20000cd4   Data          64  usart.o(.bss)
    Rc_Get                                   0x20000d14   Data          20  usart.o(.bss)
    plane                                    0x20000d28   Data         116  usart.o(.bss)
    slam                                     0x20000d9c   Data          16  usart.o(.bss)
    imu_nav                                  0x20000dac   Data          68  usart.o(.bss)
    mode                                     0x20000df0   Data          21  usart.o(.bss)
    TxBuffer                                 0x20000e05   Data         256  usart.o(.bss)
    Rx_Buf                                   0x20000f05   Data         256  usart.o(.bss)
    RxBuffer                                 0x20001005   Data          50  usart.o(.bss)
    Tx5Buffer                                0x20001037   Data         256  usart.o(.bss)
    matrix_Q                                 0x20001138   Data          72  hml5833l.o(.bss)
    matrix_A                                 0x20001180   Data         288  hml5833l.o(.bss)
    matrix_b                                 0x200012a0   Data          48  hml5833l.o(.bss)
    matrix_x                                 0x200012d0   Data          48  hml5833l.o(.bss)
    matrix_M                                 0x20001300   Data         224  hml5833l.o(.bss)
    HMC5883_FIFO                             0x200013e0   Data          66  hml5833l.o(.bss)
    ADC_FIFO                                 0x20001422   Data         198  adc.o(.bss)
    adcx_out                                 0x200014e8   Data          18  adc.o(.bss)
    NRF24L01_RXDATA                          0x200014fa   Data          32  nrf.o(.bss)
    NRF24L01_TXDATA                          0x2000151a   Data          32  nrf.o(.bss)
    DEBUG                                    0x2000153c   Data         140  rc_mine.o(.bss)
    HPIDt                                    0x200015c8   Data          18  rc_mine.o(.bss)
    SPIDt                                    0x200015da   Data          18  rc_mine.o(.bss)
    ypr                                      0x200015ec   Data          12  rc_mine.o(.bss)
    rc_rate_cnt                              0x200015f8   Data          40  rc_mine.o(.bss)
    drone_pos                                0x20001620   Data          12  rc_mine.o(.bss)
    __libspace_start                         0x2000162c   Data          96  libspace.o(.bss)
    __temporary_stack_top$libspace           0x2000168c   Data           0  libspace.o(.bss)



==============================================================================

Memory Map of the image

  Image Entry point : 0x08000189

  Load Region LR_IROM1 (Base: 0x08000000, Size: 0x00011a24, Max: 0x00100000, ABSOLUTE, COMPRESSED[0x000117d4])

    Execution Region ER_IROM1 (Base: 0x08000000, Size: 0x00011340, Max: 0x00100000, ABSOLUTE)

    Base Addr    Size         Type   Attr      Idx    E Section Name        Object

    0x08000000   0x00000188   Data   RO         1094    RESET               startup_stm32f4xx.o
    0x08000188   0x00000008   Code   RO         1189  * !!!main             c_w.l(__main.o)
    0x08000190   0x00000034   Code   RO         1481    !!!scatter          c_w.l(__scatter.o)
    0x080001c4   0x0000005a   Code   RO         1479    !!dczerorl2         c_w.l(__dczerorl2.o)
    0x0800021e   0x00000002   PAD
    0x08000220   0x0000001c   Code   RO         1483    !!handler_zi        c_w.l(__scatter_zi.o)
    0x0800023c   0x00000002   Code   RO         1352    .ARM.Collect$$libinit$$00000000  c_w.l(libinit.o)
    0x0800023e   0x00000004   Code   RO         1355    .ARM.Collect$$libinit$$00000001  c_w.l(libinit2.o)
    0x08000242   0x00000000   Code   RO         1358    .ARM.Collect$$libinit$$00000004  c_w.l(libinit2.o)
    0x08000242   0x00000000   Code   RO         1361    .ARM.Collect$$libinit$$0000000A  c_w.l(libinit2.o)
    0x08000242   0x00000000   Code   RO         1363    .ARM.Collect$$libinit$$0000000C  c_w.l(libinit2.o)
    0x08000242   0x00000000   Code   RO         1365    .ARM.Collect$$libinit$$0000000E  c_w.l(libinit2.o)
    0x08000242   0x00000000   Code   RO         1368    .ARM.Collect$$libinit$$00000011  c_w.l(libinit2.o)
    0x08000242   0x00000000   Code   RO         1370    .ARM.Collect$$libinit$$00000013  c_w.l(libinit2.o)
    0x08000242   0x00000000   Code   RO         1372    .ARM.Collect$$libinit$$00000015  c_w.l(libinit2.o)
    0x08000242   0x00000000   Code   RO         1374    .ARM.Collect$$libinit$$00000017  c_w.l(libinit2.o)
    0x08000242   0x00000000   Code   RO         1376    .ARM.Collect$$libinit$$00000019  c_w.l(libinit2.o)
    0x08000242   0x00000000   Code   RO         1378    .ARM.Collect$$libinit$$0000001B  c_w.l(libinit2.o)
    0x08000242   0x00000000   Code   RO         1380    .ARM.Collect$$libinit$$0000001D  c_w.l(libinit2.o)
    0x08000242   0x00000000   Code   RO         1382    .ARM.Collect$$libinit$$0000001F  c_w.l(libinit2.o)
    0x08000242   0x00000000   Code   RO         1384    .ARM.Collect$$libinit$$00000021  c_w.l(libinit2.o)
    0x08000242   0x00000000   Code   RO         1386    .ARM.Collect$$libinit$$00000023  c_w.l(libinit2.o)
    0x08000242   0x00000000   Code   RO         1388    .ARM.Collect$$libinit$$00000025  c_w.l(libinit2.o)
    0x08000242   0x00000000   Code   RO         1392    .ARM.Collect$$libinit$$0000002C  c_w.l(libinit2.o)
    0x08000242   0x00000000   Code   RO         1394    .ARM.Collect$$libinit$$0000002E  c_w.l(libinit2.o)
    0x08000242   0x00000000   Code   RO         1396    .ARM.Collect$$libinit$$00000030  c_w.l(libinit2.o)
    0x08000242   0x00000000   Code   RO         1398    .ARM.Collect$$libinit$$00000032  c_w.l(libinit2.o)
    0x08000242   0x00000002   Code   RO         1399    .ARM.Collect$$libinit$$00000033  c_w.l(libinit2.o)
    0x08000244   0x00000002   Code   RO         1419    .ARM.Collect$$libshutdown$$00000000  c_w.l(libshutdown.o)
    0x08000246   0x00000000   Code   RO         1432    .ARM.Collect$$libshutdown$$00000002  c_w.l(libshutdown2.o)
    0x08000246   0x00000000   Code   RO         1434    .ARM.Collect$$libshutdown$$00000004  c_w.l(libshutdown2.o)
    0x08000246   0x00000000   Code   RO         1437    .ARM.Collect$$libshutdown$$00000007  c_w.l(libshutdown2.o)
    0x08000246   0x00000000   Code   RO         1440    .ARM.Collect$$libshutdown$$0000000A  c_w.l(libshutdown2.o)
    0x08000246   0x00000000   Code   RO         1442    .ARM.Collect$$libshutdown$$0000000C  c_w.l(libshutdown2.o)
    0x08000246   0x00000000   Code   RO         1445    .ARM.Collect$$libshutdown$$0000000F  c_w.l(libshutdown2.o)
    0x08000246   0x00000002   Code   RO         1446    .ARM.Collect$$libshutdown$$00000010  c_w.l(libshutdown2.o)
    0x08000248   0x00000000   Code   RO         1265    .ARM.Collect$$rtentry$$00000000  c_w.l(__rtentry.o)
    0x08000248   0x00000000   Code   RO         1321    .ARM.Collect$$rtentry$$00000002  c_w.l(__rtentry2.o)
    0x08000248   0x00000006   Code   RO         1333    .ARM.Collect$$rtentry$$00000004  c_w.l(__rtentry4.o)
    0x0800024e   0x00000000   Code   RO         1323    .ARM.Collect$$rtentry$$00000009  c_w.l(__rtentry2.o)
    0x0800024e   0x00000004   Code   RO         1324    .ARM.Collect$$rtentry$$0000000A  c_w.l(__rtentry2.o)
    0x08000252   0x00000000   Code   RO         1326    .ARM.Collect$$rtentry$$0000000C  c_w.l(__rtentry2.o)
    0x08000252   0x00000008   Code   RO         1327    .ARM.Collect$$rtentry$$0000000D  c_w.l(__rtentry2.o)
    0x0800025a   0x00000002   Code   RO         1353    .ARM.Collect$$rtexit$$00000000  c_w.l(rtexit.o)
    0x0800025c   0x00000000   Code   RO         1401    .ARM.Collect$$rtexit$$00000002  c_w.l(rtexit2.o)
    0x0800025c   0x00000004   Code   RO         1402    .ARM.Collect$$rtexit$$00000003  c_w.l(rtexit2.o)
    0x08000260   0x00000006   Code   RO         1403    .ARM.Collect$$rtexit$$00000004  c_w.l(rtexit2.o)
    0x08000266   0x00000002   PAD
    0x08000268   0x00000018   Code   RO            2    .text               main.o
    0x08000280   0x0000003c   Code   RO          212    .text               stm32f4xx_it.o
    0x080002bc   0x00000348   Code   RO          232    .text               scheduler.o
    0x08000604   0x00000078   Code   RO          278    .text               init.o
    0x0800067c   0x00001828   Code   RO          294    .text               imu.o
    0x08001ea4   0x00000590   Code   RO          324    .text               mymath.o
    0x08002434   0x000003b4   Code   RO          368    .text               filter.o
    0x080027e8   0x00000288   Code   RO          391    .text               time.o
    0x08002a70   0x000003a8   Code   RO          439    .text               i2c_soft.o
    0x08002e18   0x00000a54   Code   RO          465    .text               mpu6050.o
    0x0800386c   0x000004a4   Code   RO          495    .text               ak8975.o
    0x08003d10   0x00000bd0   Code   RO          566    .text               led.o
    0x080048e0   0x0000164c   Code   RO          616    .text               usart.o
    0x08005f2c   0x0000034c   Code   RO          644    .text               hml5833l.o
    0x08006278   0x00000424   Code   RO          803    .text               ioc.o
    0x0800669c   0x00000654   Code   RO          823    .text               adc.o
    0x08006cf0   0x000001ec   Code   RO          845    .text               misc.o
    0x08006edc   0x0000107c   Code   RO          861    .text               stm32f4xx_adc.o
    0x08007f58   0x00000916   Code   RO          941    .text               stm32f4xx_gpio.o
    0x0800886e   0x00000002   PAD
    0x08008870   0x00000d7c   Code   RO          989    .text               stm32f4xx_rcc.o
    0x080095ec   0x00000bc8   Code   RO         1007    .text               stm32f4xx_spi.o
    0x0800a1b4   0x00003294   Code   RO         1039    .text               stm32f4xx_tim.o
    0x0800d448   0x00000eb4   Code   RO         1055    .text               stm32f4xx_usart.o
    0x0800e2fc   0x00000210   Code   RO         1071    .text               system_stm32f4xx.o
    0x0800e50c   0x00000040   Code   RO         1095    .text               startup_stm32f4xx.o
    0x0800e54c   0x00000280   Code   RO         1119    .text               nrf.o
    0x0800e7cc   0x00001074   Code   RO         1142    .text               rc_mine.o
    0x0800f840   0x0000015c   Code   RO         1166    .text               spi_nrf.o
    0x0800f99c   0x0000004e   Code   RO         1185    .text               c_w.l(rt_memclr_w.o)
    0x0800f9ea   0x00000006   Code   RO         1187    .text               c_w.l(heapauxi.o)
    0x0800f9f0   0x00000016   Code   RO         1266    .text               c_w.l(_rserrno.o)
    0x0800fa06   0x00000002   PAD
    0x0800fa08   0x00000008   Code   RO         1338    .text               c_w.l(rt_errno_addr_intlibspace.o)
    0x0800fa10   0x00000008   Code   RO         1340    .text               c_w.l(libspace.o)
    0x0800fa18   0x0000004a   Code   RO         1343    .text               c_w.l(sys_stackheap_outer.o)
    0x0800fa62   0x00000012   Code   RO         1345    .text               c_w.l(exit.o)
    0x0800fa74   0x0000000c   Code   RO         1411    .text               c_w.l(sys_exit.o)
    0x0800fa80   0x00000002   Code   RO         1422    .text               c_w.l(use_no_semi.o)
    0x0800fa82   0x00000000   Code   RO         1424    .text               c_w.l(indicate_semi.o)
    0x0800fa82   0x00000030   Code   RO         1315    i.__ARM_fpclassify  m_wm.l(fpclassify.o)
    0x0800fab2   0x00000006   PAD
    0x0800fab8   0x00000360   Code   RO         1227    i.__hardfp_asin     m_wm.l(asin.o)
    0x0800fe18   0x000002d8   Code   RO         1281    i.__hardfp_atan     m_wm.l(atan.o)
    0x080100f0   0x000001f0   Code   RO         1241    i.__hardfp_atan2    m_wm.l(atan2.o)
    0x080102e0   0x0000007a   Code   RO         1253    i.__hardfp_sqrt     m_wm.l(sqrt.o)
    0x0801035a   0x000000f8   Code   RO         1317    i.__kernel_poly     m_wm.l(poly.o)
    0x08010452   0x00000014   Code   RO         1296    i.__mathlib_dbl_infnan  m_wm.l(dunder.o)
    0x08010466   0x00000014   Code   RO         1297    i.__mathlib_dbl_infnan2  m_wm.l(dunder.o)
    0x0801047a   0x00000006   PAD
    0x08010480   0x00000020   Code   RO         1298    i.__mathlib_dbl_invalid  m_wm.l(dunder.o)
    0x080104a0   0x00000020   Code   RO         1301    i.__mathlib_dbl_underflow  m_wm.l(dunder.o)
    0x080104c0   0x00000010   Code   RO         1283    i.atan              m_wm.l(atan.o)
    0x080104d0   0x00000018   Code   RO         1311    i.fabs              m_wm.l(fabs.o)
    0x080104e8   0x0000006e   Code   RO         1255    i.sqrt              m_wm.l(sqrt.o)
    0x08010556   0x00000018   Code   RO         1191    x$fpl$basic         fz_wm.l(basic.o)
    0x0801056e   0x00000002   PAD
    0x08010570   0x00000062   Code   RO         1193    x$fpl$d2f           fz_wm.l(d2f.o)
    0x080105d2   0x00000002   PAD
    0x080105d4   0x00000150   Code   RO         1195    x$fpl$dadd          fz_wm.l(daddsub_clz.o)
    0x08010724   0x00000018   Code   RO         1268    x$fpl$dcmpinf       fz_wm.l(dcmpi.o)
    0x0801073c   0x000002b0   Code   RO         1202    x$fpl$ddiv          fz_wm.l(ddiv.o)
    0x080109ec   0x0000005e   Code   RO         1205    x$fpl$dfix          fz_wm.l(dfix.o)
    0x08010a4a   0x00000002   PAD
    0x08010a4c   0x0000005a   Code   RO         1209    x$fpl$dfixu         fz_wm.l(dfixu.o)
    0x08010aa6   0x0000002e   Code   RO         1214    x$fpl$dflt          fz_wm.l(dflt_clz.o)
    0x08010ad4   0x00000078   Code   RO         1219    x$fpl$dleqf         fz_wm.l(dleqf.o)
    0x08010b4c   0x00000154   Code   RO         1221    x$fpl$dmul          fz_wm.l(dmul.o)
    0x08010ca0   0x0000009c   Code   RO         1270    x$fpl$dnaninf       fz_wm.l(dnaninf.o)
    0x08010d3c   0x0000000c   Code   RO         1272    x$fpl$dretinf       fz_wm.l(dretinf.o)
    0x08010d48   0x0000006c   Code   RO         1223    x$fpl$drleqf        fz_wm.l(drleqf.o)
    0x08010db4   0x00000016   Code   RO         1196    x$fpl$drsb          fz_wm.l(daddsub_clz.o)
    0x08010dca   0x00000002   PAD
    0x08010dcc   0x00000198   Code   RO         1274    x$fpl$dsqrt         fz_wm.l(dsqrt_umaal.o)
    0x08010f64   0x000001d4   Code   RO         1197    x$fpl$dsub          fz_wm.l(daddsub_clz.o)
    0x08011138   0x00000056   Code   RO         1225    x$fpl$f2d           fz_wm.l(f2d.o)
    0x0801118e   0x0000008c   Code   RO         1276    x$fpl$fnaninf       fz_wm.l(fnaninf.o)
    0x0801121a   0x0000000a   Code   RO         1409    x$fpl$fpinit        fz_wm.l(fpinit.o)
    0x08011224   0x0000000a   Code   RO         1278    x$fpl$fretinf       fz_wm.l(fretinf.o)
    0x0801122e   0x00000000   Code   RO         1280    x$fpl$usenofp       fz_wm.l(usenofp.o)
    0x0801122e   0x00000002   PAD
    0x08011230   0x00000050   Data   RO         1230    .constdata          m_wm.l(asin.o)
    0x08011280   0x00000098   Data   RO         1284    .constdata          m_wm.l(atan.o)
    0x08011318   0x00000008   Data   RO         1319    .constdata          m_wm.l(qnan.o)
    0x08011320   0x00000020   Data   RO         1477    Region$$Table       anon$$obj.o


    Execution Region RW_IRAM1 (Base: 0x20000000, Size: 0x00002290, Max: 0x00020000, ABSOLUTE, COMPRESSED[0x00000494])

    Base Addr    Size         Type   Attr      Idx    E Section Name        Object

    0x20000000   0x00000001   Data   RW            3    .data               main.o
    0x20000001   0x00000001   PAD
    0x20000002   0x00000008   Data   RW          234    .data               scheduler.o
    0x2000000a   0x00000002   PAD
    0x2000000c   0x0000006d   Data   RW          296    .data               imu.o
    0x20000079   0x00000003   PAD
    0x2000007c   0x00000404   Data   RW          325    .data               mymath.o
    0x20000480   0x0000000a   Data   RW          370    .data               filter.o
    0x2000048a   0x00000002   PAD
    0x2000048c   0x00000014   Data   RW          393    .data               time.o
    0x200004a0   0x00000001   Data   RW          440    .data               i2c_soft.o
    0x200004a1   0x00000007   PAD
    0x200004a8   0x000000c5   Data   RW          467    .data               mpu6050.o
    0x2000056d   0x00000003   PAD
    0x20000570   0x00000050   Data   RW          497    .data               ak8975.o
    0x200005c0   0x00000020   Data   RW          568    .data               led.o
    0x200005e0   0x00000015   Data   RW          618    .data               usart.o
    0x200005f5   0x00000003   PAD
    0x200005f8   0x0000002c   Data   RW          646    .data               hml5833l.o
    0x20000624   0x00000010   Data   RW          990    .data               stm32f4xx_rcc.o
    0x20000634   0x00000014   Data   RW         1072    .data               system_stm32f4xx.o
    0x20000648   0x0000000a   Data   RW         1121    .data               nrf.o
    0x20000652   0x00000006   PAD
    0x20000658   0x0000008c   Data   RW         1144    .data               rc_mine.o
    0x200006e4   0x00000024   Zero   RW          233    .bss                scheduler.o
    0x20000708   0x00000054   Zero   RW          295    .bss                imu.o
    0x2000075c   0x00000058   Zero   RW          369    .bss                filter.o
    0x200007b4   0x000000c8   Zero   RW          392    .bss                time.o
    0x2000087c   0x00000004   PAD
    0x20000880   0x000003c4   Zero   RW          466    .bss                mpu6050.o
    0x20000c44   0x0000000c   Zero   RW          496    .bss                ak8975.o
    0x20000c50   0x0000003c   Zero   RW          567    .bss                led.o
    0x20000c8c   0x000004ab   Zero   RW          617    .bss                usart.o
    0x20001137   0x00000001   PAD
    0x20001138   0x000002ea   Zero   RW          645    .bss                hml5833l.o
    0x20001422   0x000000d8   Zero   RW          824    .bss                adc.o
    0x200014fa   0x00000040   Zero   RW         1120    .bss                nrf.o
    0x2000153a   0x00000002   PAD
    0x2000153c   0x000000f0   Zero   RW         1143    .bss                rc_mine.o
    0x2000162c   0x00000060   Zero   RW         1341    .bss                c_w.l(libspace.o)
    0x2000168c   0x00000004   PAD
    0x20001690   0x00000400   Zero   RW         1093    HEAP                startup_stm32f4xx.o
    0x20001a90   0x00000800   Zero   RW         1092    STACK               startup_stm32f4xx.o


==============================================================================

Image component sizes


      Code (inc. data)   RO Data    RW Data    ZI Data      Debug   Object Name

      1620         46          0          0        216       3052   adc.o
      1188         44          0         80         12       3351   ak8975.o
       948         30          0         10         88       3929   filter.o
       844         48          0         44        746     243741   hml5833l.o
       936         10          0          1          0       4574   i2c_soft.o
      6184        302          0        109         84       5179   imu.o
       120          0          0          0          0        607   init.o
      1060         14          0          0          0       4771   ioc.o
      3024        162          0         32         60       6281   led.o
        24          4          0          1          0     294939   main.o
       492         74          0          0          0       2189   misc.o
      2644        160          0        197        964      17252   mpu6050.o
      1424        110          0       1028          0       5263   mymath.o
       640         14          0         10         64       3640   nrf.o
      4212        334          0        140        240       5904   rc_mine.o
       840         78          0          8         36       2903   scheduler.o
       348          8          0          0          0        959   spi_nrf.o
        64         26        392          0       3072        920   startup_stm32f4xx.o
      4220        148          0          0          0      13498   stm32f4xx_adc.o
      2326        132          0          0          0       5565   stm32f4xx_gpio.o
        60          4          0          0          0       1632   stm32f4xx_it.o
      3452        262          0         16          0      13691   stm32f4xx_rcc.o
      3016        118          0          0          0       8693   stm32f4xx_spi.o
     12948        670          0          0          0      31356   stm32f4xx_tim.o
      3764        164          0          0          0      10244   stm32f4xx_usart.o
       528         46          0         20          0       2087   system_stm32f4xx.o
       648         40          0         20        200      22324   time.o
      5708        324          0         21       1195      11586   usart.o

    ----------------------------------------------------------------------
     63284       3372        424       1764       6984     730130   Object Totals
         0          0         32          0          0          0   (incl. Generated)
         2          0          0         27          7          0   (incl. Padding)

    ----------------------------------------------------------------------

      Code (inc. data)   RO Data    RW Data    ZI Data      Debug   Library Member Name

        90          0          0          0          0          0   __dczerorl2.o
         8          0          0          0          0         68   __main.o
         0          0          0          0          0          0   __rtentry.o
        12          0          0          0          0          0   __rtentry2.o
         6          0          0          0          0          0   __rtentry4.o
        52          8          0          0          0          0   __scatter.o
        28          0          0          0          0          0   __scatter_zi.o
        22          0          0          0          0        100   _rserrno.o
        18          0          0          0          0         80   exit.o
         6          0          0          0          0        152   heapauxi.o
         0          0          0          0          0          0   indicate_semi.o
         2          0          0          0          0          0   libinit.o
         6          0          0          0          0          0   libinit2.o
         2          0          0          0          0          0   libshutdown.o
         2          0          0          0          0          0   libshutdown2.o
         8          4          0          0         96         68   libspace.o
         8          4          0          0          0         68   rt_errno_addr_intlibspace.o
        78          0          0          0          0         80   rt_memclr_w.o
         2          0          0          0          0          0   rtexit.o
        10          0          0          0          0          0   rtexit2.o
        12          4          0          0          0         68   sys_exit.o
        74          0          0          0          0         80   sys_stackheap_outer.o
         2          0          0          0          0         68   use_no_semi.o
        24          0          0          0          0        164   basic.o
        98          4          0          0          0        140   d2f.o
       826         16          0          0          0        492   daddsub_clz.o
        24          0          0          0          0        116   dcmpi.o
       688        140          0          0          0        256   ddiv.o
        94          4          0          0          0        140   dfix.o
        90          4          0          0          0        140   dfixu.o
        46          0          0          0          0        116   dflt_clz.o
       120          4          0          0          0        140   dleqf.o
       340         12          0          0          0        152   dmul.o
       156          4          0          0          0        140   dnaninf.o
        12          0          0          0          0        116   dretinf.o
       108          0          0          0          0        128   drleqf.o
       408         56          0          0          0        168   dsqrt_umaal.o
        86          4          0          0          0        132   f2d.o
       140          4          0          0          0        132   fnaninf.o
        10          0          0          0          0        116   fpinit.o
        10          0          0          0          0        116   fretinf.o
         0          0          0          0          0          0   usenofp.o
       864         94         80          0          0        280   asin.o
       744        106        152          0          0        352   atan.o
       496         64          0          0          0        192   atan2.o
       104         16          0          0          0        496   dunder.o
        24          0          0          0          0        124   fabs.o
        48          0          0          0          0        124   fpclassify.o
       248          0          0          0          0        152   poly.o
         0          0          8          0          0          0   qnan.o
       232          0          0          0          0        296   sqrt.o

    ----------------------------------------------------------------------
      6516        552        240          0        100       5752   Library Totals
        28          0          0          0          4          0   (incl. Padding)

    ----------------------------------------------------------------------

      Code (inc. data)   RO Data    RW Data    ZI Data      Debug   Library Name

       448         20          0          0         96        832   c_w.l
      3280        252          0          0          0       2904   fz_wm.l
      2760        280        240          0          0       2016   m_wm.l

    ----------------------------------------------------------------------
      6516        552        240          0        100       5752   Library Totals

    ----------------------------------------------------------------------

==============================================================================


      Code (inc. data)   RO Data    RW Data    ZI Data      Debug   

     69800       3924        664       1764       7084     727470   Grand Totals
     69800       3924        664       1172       7084     727470   ELF Image Totals (compressed)
     69800       3924        664       1172          0          0   ROM Totals

==============================================================================

    Total RO  Size (Code + RO Data)                70464 (  68.81kB)
    Total RW  Size (RW Data + ZI Data)              8848 (   8.64kB)
    Total ROM Size (Code + RO Data + RW Data)      71636 (  69.96kB)

==============================================================================

