<html>
<body>
<pre>
<h1>µVision Build Log</h1>
<h2>Tool Versions:</h2>
IDE-Version: ¦ÌVision V5.20.0.0
Copyright (C) 2016 ARM Ltd and ARM Germany GmbH. All rights reserved.
License Information: a Microsoft, Microsoft, LIC=ZB401-C8PGE-RXVUD-8FIZS-0NQ0V-DDA15
 
Tool Versions:
Toolchain:       MDK-ARM Plus  Version: 5.20
Toolchain Path:  e:\Keil_v5\ARM\ARMCC\Bin
C Compiler:      Armcc.exe V5.06 update 2 (build 183)
Assembler:       Armasm.exe V5.06 update 2 (build 183)
Linker/Locator:  ArmLink.exe V5.06 update 2 (build 183)
Library Manager: ArmAr.exe V5.06 update 2 (build 183)
Hex Converter:   FromElf.exe V5.06 update 2 (build 183)
CPU DLL:         SARMCM3.DLL V5.20
Dialog DLL:      DCM.DLL V1.13.7.0
Target DLL:      STLink\ST-LINKIII-KEIL_SWO.dll V2.0.18.0
Dialog DLL:      TCM.DLL V1.14.9.0
 
<h2>Project:</h2>
C:\Users\user\Desktop\FC_MIN_·É¿ØÑÐ¾¿\UCOS\OLD_X_ShouBing\F407_FC.uvproj
Project File Date:  10/07/2015

<h2>Output:</h2>
*** Using Compiler 'V5.06 update 2 (build 183)', folder: 'e:\Keil_v5\ARM\ARMCC\Bin'
Build target 'Anopilot'
compiling usart.c...
linking...
Program Size: Code=69800 RO-data=664 RW-data=1764 ZI-data=7084  
FromELF: creating hex file...
After Build - User command #1: fromelf --bin .\build\F407_FC.axf --output TEST.ANO
".\build\F407_FC.axf" - 0 Error(s), 0 Warning(s).
Build Time Elapsed:  00:00:02
</pre>
</body>
</html>
